Component: ARM Compiler 5.06 update 6 (build 750) Tool: armlink [4d35ed]

==============================================================================

Section Cross References

    main.o(i.main) refers to stm32f4xx_hal.o(i.HAL_Init) for HAL_Init
    main.o(i.main) refers to sys_init.o(i.Stm32_Clock_Init) for Stm32_Clock_Init
    main.o(i.main) refers to uart2.o(i.uart2_init) for uart2_init
    main.o(i.main) refers to led.o(i.LED_Init) for LED_Init
    main.o(i.main) refers to timer3.o(i.TIM3_Init) for TIM3_Init
    main.o(i.main) refers to spi2.o(i.w5500_interrupt_line) for w5500_interrupt_line
    main.o(i.main) refers to w5500.o(i.w5500_init) for w5500_init
    main.o(i.main) refers to printf8.o(i.__0printf$8) for __2printf
    main.o(i.main) refers to timer3.o(i.get_sys_time) for get_sys_time
    main.o(i.main) refers to led.o(i.led_flash) for led_flash
    main.o(i.main) refers to w5500.o(i.W550_CONTROL) for W550_CONTROL
    main.o(i.main) refers to w5500.o(i.w5500_get_cfg_bytedata) for w5500_get_cfg_bytedata
    main.o(i.main) refers to w5500.o(i.socket_status) for socket_status
    main.o(i.main) refers to spi2.o(i.w5500_get_interrupt_flag) for w5500_get_interrupt_flag
    main.o(i.main) refers to spi2.o(i.w5500_set_interrupt_flag) for w5500_set_interrupt_flag
    main.o(i.main) refers to w5500.o(i.w5500_set_cfg_data) for w5500_set_cfg_data
    main.o(i.main) refers to main.o(.data) for now_time
    system_stm32f4xx.o(i.SystemCoreClockUpdate) refers to system_stm32f4xx.o(.data) for SystemCoreClock
    stm32f4xx_it.o(i.SysTick_Handler) refers to stm32f4xx_hal.o(i.HAL_IncTick) for HAL_IncTick
    startup_stm32f429xx.o(RESET) refers to startup_stm32f429xx.o(STACK) for __initial_sp
    startup_stm32f429xx.o(RESET) refers to startup_stm32f429xx.o(.text) for Reset_Handler
    startup_stm32f429xx.o(RESET) refers to stm32f4xx_it.o(i.NMI_Handler) for NMI_Handler
    startup_stm32f429xx.o(RESET) refers to stm32f4xx_it.o(i.HardFault_Handler) for HardFault_Handler
    startup_stm32f429xx.o(RESET) refers to stm32f4xx_it.o(i.MemManage_Handler) for MemManage_Handler
    startup_stm32f429xx.o(RESET) refers to stm32f4xx_it.o(i.BusFault_Handler) for BusFault_Handler
    startup_stm32f429xx.o(RESET) refers to stm32f4xx_it.o(i.UsageFault_Handler) for UsageFault_Handler
    startup_stm32f429xx.o(RESET) refers to stm32f4xx_it.o(i.SVC_Handler) for SVC_Handler
    startup_stm32f429xx.o(RESET) refers to stm32f4xx_it.o(i.DebugMon_Handler) for DebugMon_Handler
    startup_stm32f429xx.o(RESET) refers to stm32f4xx_it.o(i.PendSV_Handler) for PendSV_Handler
    startup_stm32f429xx.o(RESET) refers to stm32f4xx_it.o(i.SysTick_Handler) for SysTick_Handler
    startup_stm32f429xx.o(RESET) refers to timer3.o(i.TIM3_IRQHandler) for TIM3_IRQHandler
    startup_stm32f429xx.o(RESET) refers to spi2.o(i.EXTI15_10_IRQHandler) for EXTI15_10_IRQHandler
    startup_stm32f429xx.o(.text) refers to system_stm32f4xx.o(i.SystemInit) for SystemInit
    startup_stm32f429xx.o(.text) refers to entry.o(.ARM.Collect$$$$00000000) for __main
    stm32f4xx_hal.o(i.HAL_DeInit) refers to stm32f4xx_hal_msp_template.o(i.HAL_MspDeInit) for HAL_MspDeInit
    stm32f4xx_hal.o(i.HAL_Delay) refers to stm32f4xx_hal.o(i.HAL_GetTick) for HAL_GetTick
    stm32f4xx_hal.o(i.HAL_GetTick) refers to stm32f4xx_hal.o(.data) for uwTick
    stm32f4xx_hal.o(i.HAL_IncTick) refers to stm32f4xx_hal.o(.data) for uwTick
    stm32f4xx_hal.o(i.HAL_Init) refers to stm32f4xx_hal_cortex.o(i.HAL_NVIC_SetPriorityGrouping) for HAL_NVIC_SetPriorityGrouping
    stm32f4xx_hal.o(i.HAL_Init) refers to stm32f4xx_hal.o(i.HAL_InitTick) for HAL_InitTick
    stm32f4xx_hal.o(i.HAL_Init) refers to stm32f4xx_hal_msp_template.o(i.HAL_MspInit) for HAL_MspInit
    stm32f4xx_hal.o(i.HAL_InitTick) refers to stm32f4xx_hal_rcc.o(i.HAL_RCC_GetHCLKFreq) for HAL_RCC_GetHCLKFreq
    stm32f4xx_hal.o(i.HAL_InitTick) refers to stm32f4xx_hal_cortex.o(i.HAL_SYSTICK_Config) for HAL_SYSTICK_Config
    stm32f4xx_hal.o(i.HAL_InitTick) refers to stm32f4xx_hal_cortex.o(i.HAL_NVIC_SetPriority) for HAL_NVIC_SetPriority
    stm32f4xx_hal_adc.o(i.ADC_DMAConvCplt) refers to stm32f4xx_hal_adc.o(i.HAL_ADC_ConvCpltCallback) for HAL_ADC_ConvCpltCallback
    stm32f4xx_hal_adc.o(i.ADC_DMAError) refers to stm32f4xx_hal_adc.o(i.HAL_ADC_ErrorCallback) for HAL_ADC_ErrorCallback
    stm32f4xx_hal_adc.o(i.ADC_DMAHalfConvCplt) refers to stm32f4xx_hal_adc.o(i.HAL_ADC_ConvHalfCpltCallback) for HAL_ADC_ConvHalfCpltCallback
    stm32f4xx_hal_adc.o(i.HAL_ADC_ConfigChannel) refers to system_stm32f4xx.o(.data) for SystemCoreClock
    stm32f4xx_hal_adc.o(i.HAL_ADC_DeInit) refers to stm32f4xx_hal_adc.o(i.HAL_ADC_MspDeInit) for HAL_ADC_MspDeInit
    stm32f4xx_hal_adc.o(i.HAL_ADC_IRQHandler) refers to stm32f4xx_hal_adc.o(i.HAL_ADC_ConvCpltCallback) for HAL_ADC_ConvCpltCallback
    stm32f4xx_hal_adc.o(i.HAL_ADC_IRQHandler) refers to stm32f4xx_hal_adc_ex.o(i.HAL_ADCEx_InjectedConvCpltCallback) for HAL_ADCEx_InjectedConvCpltCallback
[...]
    Removing stm32f4xx_hal_uart.o(i.UART_DMATransmitCplt), (54 bytes).
    Removing stm32f4xx_hal_uart.o(i.UART_DMATxHalfCplt), (14 bytes).
    Removing stm32f4xx_hal_uart.o(i.UART_EndTransmit_IT), (48 bytes).
    Removing stm32f4xx_hal_uart.o(i.UART_Receive_IT), (188 bytes).
    Removing stm32f4xx_hal_uart.o(i.UART_Transmit_IT), (112 bytes).
    Removing stm32f4xx_hal_uart.o(i.UART_WaitOnFlagUntilTimeout), (250 bytes).
    Removing stm32f4xx_hal_usart.o(.rev16_text), (4 bytes).
    Removing stm32f4xx_hal_usart.o(.revsh_text), (4 bytes).
    Removing stm32f4xx_hal_usart.o(.rrx_text), (6 bytes).
    Removing stm32f4xx_hal_usart.o(i.HAL_USART_DMAPause), (50 bytes).
    Removing stm32f4xx_hal_usart.o(i.HAL_USART_DMAResume), (50 bytes).
    Removing stm32f4xx_hal_usart.o(i.HAL_USART_DMAStop), (58 bytes).
    Removing stm32f4xx_hal_usart.o(i.HAL_USART_DeInit), (54 bytes).
    Removing stm32f4xx_hal_usart.o(i.HAL_USART_ErrorCallback), (2 bytes).
    Removing stm32f4xx_hal_usart.o(i.HAL_USART_GetError), (6 bytes).
    Removing stm32f4xx_hal_usart.o(i.HAL_USART_GetState), (8 bytes).
    Removing stm32f4xx_hal_usart.o(i.HAL_USART_IRQHandler), (336 bytes).
    Removing stm32f4xx_hal_usart.o(i.HAL_USART_Init), (90 bytes).
    Removing stm32f4xx_hal_usart.o(i.HAL_USART_MspDeInit), (2 bytes).
    Removing stm32f4xx_hal_usart.o(i.HAL_USART_MspInit), (2 bytes).
    Removing stm32f4xx_hal_usart.o(i.HAL_USART_Receive), (256 bytes).
    Removing stm32f4xx_hal_usart.o(i.HAL_USART_Receive_DMA), (196 bytes).
    Removing stm32f4xx_hal_usart.o(i.HAL_USART_Receive_IT), (120 bytes).
    Removing stm32f4xx_hal_usart.o(i.HAL_USART_RxCpltCallback), (2 bytes).
    Removing stm32f4xx_hal_usart.o(i.HAL_USART_RxHalfCpltCallback), (2 bytes).
    Removing stm32f4xx_hal_usart.o(i.HAL_USART_Transmit), (196 bytes).
    Removing stm32f4xx_hal_usart.o(i.HAL_USART_TransmitReceive), (294 bytes).
    Removing stm32f4xx_hal_usart.o(i.HAL_USART_TransmitReceive_DMA), (232 bytes).
    Removing stm32f4xx_hal_usart.o(i.HAL_USART_TransmitReceive_IT), (132 bytes).
    Removing stm32f4xx_hal_usart.o(i.HAL_USART_Transmit_DMA), (148 bytes).
    Removing stm32f4xx_hal_usart.o(i.HAL_USART_Transmit_IT), (88 bytes).
    Removing stm32f4xx_hal_usart.o(i.HAL_USART_TxCpltCallback), (2 bytes).
    Removing stm32f4xx_hal_usart.o(i.HAL_USART_TxHalfCpltCallback), (2 bytes).
    Removing stm32f4xx_hal_usart.o(i.HAL_USART_TxRxCpltCallback), (2 bytes).
    Removing stm32f4xx_hal_usart.o(i.USART_DMAError), (34 bytes).
    Removing stm32f4xx_hal_usart.o(i.USART_DMAReceiveCplt), (116 bytes).
    Removing stm32f4xx_hal_usart.o(i.USART_DMARxHalfCplt), (14 bytes).
    Removing stm32f4xx_hal_usart.o(i.USART_DMATransmitCplt), (70 bytes).
    Removing stm32f4xx_hal_usart.o(i.USART_DMATxHalfCplt), (14 bytes).
    Removing stm32f4xx_hal_usart.o(i.USART_EndTransmit_IT), (44 bytes).
    Removing stm32f4xx_hal_usart.o(i.USART_Receive_IT), (194 bytes).
    Removing stm32f4xx_hal_usart.o(i.USART_SetConfig), (332 bytes).
    Removing stm32f4xx_hal_usart.o(i.USART_TransmitReceive_IT), (270 bytes).
    Removing stm32f4xx_hal_usart.o(i.USART_Transmit_IT), (104 bytes).
    Removing stm32f4xx_hal_usart.o(i.USART_WaitOnFlagUntilTimeout), (250 bytes).
    Removing stm32f4xx_hal_wwdg.o(.rev16_text), (4 bytes).
    Removing stm32f4xx_hal_wwdg.o(.revsh_text), (4 bytes).
    Removing stm32f4xx_hal_wwdg.o(.rrx_text), (6 bytes).
    Removing stm32f4xx_hal_wwdg.o(i.HAL_WWDG_DeInit), (48 bytes).
    Removing stm32f4xx_hal_wwdg.o(i.HAL_WWDG_GetState), (6 bytes).
    Removing stm32f4xx_hal_wwdg.o(i.HAL_WWDG_IRQHandler), (50 bytes).
    Removing stm32f4xx_hal_wwdg.o(i.HAL_WWDG_Init), (72 bytes).
    Removing stm32f4xx_hal_wwdg.o(i.HAL_WWDG_MspDeInit), (2 bytes).
    Removing stm32f4xx_hal_wwdg.o(i.HAL_WWDG_MspInit), (2 bytes).
    Removing stm32f4xx_hal_wwdg.o(i.HAL_WWDG_Refresh), (54 bytes).
    Removing stm32f4xx_hal_wwdg.o(i.HAL_WWDG_Start), (52 bytes).
    Removing stm32f4xx_hal_wwdg.o(i.HAL_WWDG_Start_IT), (52 bytes).
    Removing stm32f4xx_hal_wwdg.o(i.HAL_WWDG_WakeupCallback), (2 bytes).
    Removing stm32f4xx_ll_fmc.o(.rev16_text), (4 bytes).
    Removing stm32f4xx_ll_fmc.o(.revsh_text), (4 bytes).
    Removing stm32f4xx_ll_fmc.o(.rrx_text), (6 bytes).
    Removing stm32f4xx_ll_fmc.o(i.FMC_NAND_AttributeSpace_Timing_Init), (54 bytes).
    Removing stm32f4xx_ll_fmc.o(i.FMC_NAND_CommonSpace_Timing_Init), (54 bytes).
    Removing stm32f4xx_ll_fmc.o(i.FMC_NAND_DeInit), (66 bytes).
    Removing stm32f4xx_ll_fmc.o(i.FMC_NAND_ECC_Disable), (28 bytes).
    Removing stm32f4xx_ll_fmc.o(i.FMC_NAND_ECC_Enable), (28 bytes).
    Removing stm32f4xx_ll_fmc.o(i.FMC_NAND_GetECC), (88 bytes).
    Removing stm32f4xx_ll_fmc.o(i.FMC_NAND_Init), (76 bytes).
    Removing stm32f4xx_ll_fmc.o(i.FMC_NORSRAM_DeInit), (56 bytes).
    Removing stm32f4xx_ll_fmc.o(i.FMC_NORSRAM_Extended_Timing_Init), (72 bytes).
    Removing stm32f4xx_ll_fmc.o(i.FMC_NORSRAM_Init), (128 bytes).
    Removing stm32f4xx_ll_fmc.o(i.FMC_NORSRAM_Timing_Init), (94 bytes).
    Removing stm32f4xx_ll_fmc.o(i.FMC_NORSRAM_WriteOperation_Disable), (18 bytes).
    Removing stm32f4xx_ll_fmc.o(i.FMC_NORSRAM_WriteOperation_Enable), (18 bytes).
    Removing stm32f4xx_ll_fmc.o(i.FMC_PCCARD_AttributeSpace_Timing_Init), (38 bytes).
    Removing stm32f4xx_ll_fmc.o(i.FMC_PCCARD_CommonSpace_Timing_Init), (38 bytes).
    Removing stm32f4xx_ll_fmc.o(i.FMC_PCCARD_DeInit), (32 bytes).
    Removing stm32f4xx_ll_fmc.o(i.FMC_PCCARD_IOSpace_Timing_Init), (38 bytes).
    Removing stm32f4xx_ll_fmc.o(i.FMC_PCCARD_Init), (44 bytes).
    Removing stm32f4xx_ll_fmc.o(i.FMC_SDRAM_DeInit), (32 bytes).
    Removing stm32f4xx_ll_fmc.o(i.FMC_SDRAM_GetModeStatus), (24 bytes).
    Removing stm32f4xx_ll_fmc.o(i.FMC_SDRAM_Init), (116 bytes).
    Removing stm32f4xx_ll_fmc.o(i.FMC_SDRAM_ProgramRefreshRate), (14 bytes).
    Removing stm32f4xx_ll_fmc.o(i.FMC_SDRAM_SendCommand), (82 bytes).
    Removing stm32f4xx_ll_fmc.o(i.FMC_SDRAM_SetAutoRefreshNumber), (14 bytes).
    Removing stm32f4xx_ll_fmc.o(i.FMC_SDRAM_Timing_Init), (152 bytes).
    Removing stm32f4xx_ll_fmc.o(i.FMC_SDRAM_WriteProtection_Disable), (18 bytes).
    Removing stm32f4xx_ll_fmc.o(i.FMC_SDRAM_WriteProtection_Enable), (18 bytes).
    Removing stm32f4xx_ll_fsmc.o(.rev16_text), (4 bytes).
    Removing stm32f4xx_ll_fsmc.o(.revsh_text), (4 bytes).
    Removing stm32f4xx_ll_fsmc.o(.rrx_text), (6 bytes).
    Removing stm32f4xx_ll_sdmmc.o(.rev16_text), (4 bytes).
    Removing stm32f4xx_ll_sdmmc.o(.revsh_text), (4 bytes).
    Removing stm32f4xx_ll_sdmmc.o(.rrx_text), (6 bytes).
    Removing stm32f4xx_ll_sdmmc.o(i.SDIO_DataConfig), (44 bytes).
    Removing stm32f4xx_ll_sdmmc.o(i.SDIO_GetCommandResponse), (8 bytes).
    Removing stm32f4xx_ll_sdmmc.o(i.SDIO_GetDataCounter), (6 bytes).
    Removing stm32f4xx_ll_sdmmc.o(i.SDIO_GetFIFOCount), (8 bytes).
    Removing stm32f4xx_ll_sdmmc.o(i.SDIO_GetPowerState), (10 bytes).
    Removing stm32f4xx_ll_sdmmc.o(i.SDIO_GetResponse), (24 bytes).
    Removing stm32f4xx_ll_sdmmc.o(i.SDIO_Init), (52 bytes).
    Removing stm32f4xx_ll_sdmmc.o(i.SDIO_PowerState_OFF), (8 bytes).
    Removing stm32f4xx_ll_sdmmc.o(i.SDIO_PowerState_ON), (10 bytes).
    Removing stm32f4xx_ll_sdmmc.o(i.SDIO_ReadFIFO), (8 bytes).
    Removing stm32f4xx_ll_sdmmc.o(i.SDIO_SendCommand), (40 bytes).
    Removing stm32f4xx_ll_sdmmc.o(i.SDIO_SetSDIOReadWaitMode), (16 bytes).
    Removing stm32f4xx_ll_sdmmc.o(i.SDIO_WriteFIFO), (12 bytes).
    Removing stm32f4xx_ll_usb.o(.rev16_text), (4 bytes).
    Removing stm32f4xx_ll_usb.o(.revsh_text), (4 bytes).
    Removing stm32f4xx_ll_usb.o(.rrx_text), (6 bytes).
    Removing stm32f4xx_ll_usb.o(i.USB_ActivateDedicatedEndpoint), (284 bytes).
    Removing stm32f4xx_ll_usb.o(i.USB_ActivateEndpoint), (196 bytes).
    Removing stm32f4xx_ll_usb.o(i.USB_ActivateSetup), (68 bytes).
    Removing stm32f4xx_ll_usb.o(i.USB_ClearInterrupts), (8 bytes).
    Removing stm32f4xx_ll_usb.o(i.USB_CoreInit), (112 bytes).
    Removing stm32f4xx_ll_usb.o(i.USB_CoreReset), (76 bytes).
    Removing stm32f4xx_ll_usb.o(i.USB_DeactivateDedicatedEndpoint), (116 bytes).
    Removing stm32f4xx_ll_usb.o(i.USB_DeactivateEndpoint), (168 bytes).
    Removing stm32f4xx_ll_usb.o(i.USB_DevConnect), (30 bytes).
    Removing stm32f4xx_ll_usb.o(i.USB_DevDisconnect), (30 bytes).
    Removing stm32f4xx_ll_usb.o(i.USB_DevInit), (412 bytes).
    Removing stm32f4xx_ll_usb.o(i.USB_DisableGlobalInt), (14 bytes).
    Removing stm32f4xx_ll_usb.o(i.USB_DoPing), (64 bytes).
    Removing stm32f4xx_ll_usb.o(i.USB_DriveVbus), (68 bytes).
    Removing stm32f4xx_ll_usb.o(i.USB_EP0StartXfer), (432 bytes).
    Removing stm32f4xx_ll_usb.o(i.USB_EP0_OutStart), (68 bytes).
    Removing stm32f4xx_ll_usb.o(i.USB_EPClearStall), (136 bytes).
    Removing stm32f4xx_ll_usb.o(i.USB_EPSetStall), (140 bytes).
    Removing stm32f4xx_ll_usb.o(i.USB_EPStartXfer), (720 bytes).
    Removing stm32f4xx_ll_usb.o(i.USB_EnableGlobalInt), (14 bytes).
    Removing stm32f4xx_ll_usb.o(i.USB_FlushRxFifo), (44 bytes).
    Removing stm32f4xx_ll_usb.o(i.USB_FlushTxFifo), (48 bytes).
    Removing stm32f4xx_ll_usb.o(i.USB_GetCurrentFrame), (12 bytes).
    Removing stm32f4xx_ll_usb.o(i.USB_GetDevSpeed), (68 bytes).
    Removing stm32f4xx_ll_usb.o(i.USB_GetHostSpeed), (18 bytes).
    Removing stm32f4xx_ll_usb.o(i.USB_GetMode), (10 bytes).
    Removing stm32f4xx_ll_usb.o(i.USB_HC_Halt), (376 bytes).
    Removing stm32f4xx_ll_usb.o(i.USB_HC_Init), (392 bytes).
    Removing stm32f4xx_ll_usb.o(i.USB_HC_ReadInterrupt), (12 bytes).
    Removing stm32f4xx_ll_usb.o(i.USB_HC_StartXfer), (392 bytes).
    Removing stm32f4xx_ll_usb.o(i.USB_HostInit), (236 bytes).
    Removing stm32f4xx_ll_usb.o(i.USB_InitFSLSPClkSel), (62 bytes).
    Removing stm32f4xx_ll_usb.o(i.USB_ReadDevAllInEpInterrupt), (18 bytes).
    Removing stm32f4xx_ll_usb.o(i.USB_ReadDevAllOutEpInterrupt), (18 bytes).
    Removing stm32f4xx_ll_usb.o(i.USB_ReadDevInEPInterrupt), (44 bytes).
    Removing stm32f4xx_ll_usb.o(i.USB_ReadDevOutEPInterrupt), (22 bytes).
    Removing stm32f4xx_ll_usb.o(i.USB_ReadInterrupts), (12 bytes).
    Removing stm32f4xx_ll_usb.o(i.USB_ReadPacket), (40 bytes).
    Removing stm32f4xx_ll_usb.o(i.USB_ResetPort), (48 bytes).
    Removing stm32f4xx_ll_usb.o(i.USB_SetCurrentMode), (48 bytes).
    Removing stm32f4xx_ll_usb.o(i.USB_SetDevAddress), (36 bytes).
    Removing stm32f4xx_ll_usb.o(i.USB_SetDevSpeed), (16 bytes).
    Removing stm32f4xx_ll_usb.o(i.USB_StopDevice), (82 bytes).
    Removing stm32f4xx_ll_usb.o(i.USB_StopHost), (174 bytes).
    Removing stm32f4xx_ll_usb.o(i.USB_WritePacket), (58 bytes).
    Removing stm32f4xx_ll_usb.o(.data), (4 bytes).
    Removing sys_init.o(.rev16_text), (4 bytes).
    Removing sys_init.o(.revsh_text), (4 bytes).
    Removing sys_init.o(.rrx_text), (6 bytes).
    Removing uart2.o(.rev16_text), (4 bytes).
    Removing uart2.o(.revsh_text), (4 bytes).
    Removing uart2.o(.rrx_text), (6 bytes).
    Removing uart2.o(i.HAL_UART_RxCpltCallback), (32 bytes).
    Removing led.o(.rev16_text), (4 bytes).
    Removing led.o(.revsh_text), (4 bytes).
    Removing led.o(.rrx_text), (6 bytes).
    Removing timer3.o(.rev16_text), (4 bytes).
    Removing timer3.o(.revsh_text), (4 bytes).
    Removing timer3.o(.rrx_text), (6 bytes).
    Removing spi2.o(.rev16_text), (4 bytes).
    Removing spi2.o(.revsh_text), (4 bytes).
    Removing spi2.o(.rrx_text), (6 bytes).
    Removing w5500.o(.rev16_text), (4 bytes).
    Removing w5500.o(.revsh_text), (4 bytes).
    Removing w5500.o(.rrx_text), (6 bytes).
    Removing w5500.o(i.w5500_get_cfg_worddata), (76 bytes).
    Removing dadd.o(.text), (334 bytes).
    Removing dmul.o(.text), (228 bytes).
    Removing ddiv.o(.text), (222 bytes).
    Removing dfixul.o(.text), (48 bytes).
    Removing cdrcmple.o(.text), (48 bytes).
    Removing depilogue.o(.text), (186 bytes).

1373 unused section(s) (total 118750 bytes) removed from the image.

==============================================================================

Image Symbol Table

    Local Symbols

    Symbol Name                              Value     Ov Type        Size  Object(Section)

    ../clib/microlib/division.c              0x00000000   Number         0  uidiv.o ABSOLUTE
    ../clib/microlib/division.c              0x00000000   Number         0  uldiv.o ABSOLUTE
    ../clib/microlib/init/entry.s            0x00000000   Number         0  entry10a.o ABSOLUTE
    ../clib/microlib/init/entry.s            0x00000000   Number         0  entry7a.o ABSOLUTE
    ../clib/microlib/init/entry.s            0x00000000   Number         0  entry11b.o ABSOLUTE
    ../clib/microlib/init/entry.s            0x00000000   Number         0  entry11a.o ABSOLUTE
    ../clib/microlib/init/entry.s            0x00000000   Number         0  entry10b.o ABSOLUTE
    ../clib/microlib/init/entry.s            0x00000000   Number         0  entry5.o ABSOLUTE
    ../clib/microlib/init/entry.s            0x00000000   Number         0  entry2.o ABSOLUTE
    ../clib/microlib/init/entry.s            0x00000000   Number         0  entry9b.o ABSOLUTE
    ../clib/microlib/init/entry.s            0x00000000   Number         0  entry9a.o ABSOLUTE
    ../clib/microlib/init/entry.s            0x00000000   Number         0  entry8b.o ABSOLUTE
    ../clib/microlib/init/entry.s            0x00000000   Number         0  entry8a.o ABSOLUTE
    ../clib/microlib/init/entry.s            0x00000000   Number         0  entry.o ABSOLUTE
    ../clib/microlib/init/entry.s            0x00000000   Number         0  entry7b.o ABSOLUTE
    ../clib/microlib/longlong.c              0x00000000   Number         0  llshl.o ABSOLUTE
    ../clib/microlib/longlong.c              0x00000000   Number         0  llsshr.o ABSOLUTE
    ../clib/microlib/longlong.c              0x00000000   Number         0  llushr.o ABSOLUTE
    ../clib/microlib/printf/printf.c         0x00000000   Number         0  printf7.o ABSOLUTE
    ../clib/microlib/printf/printf.c         0x00000000   Number         0  printf0.o ABSOLUTE
    ../clib/microlib/printf/printf.c         0x00000000   Number         0  printf1.o ABSOLUTE
    ../clib/microlib/printf/printf.c         0x00000000   Number         0  printf2.o ABSOLUTE
    ../clib/microlib/printf/printf.c         0x00000000   Number         0  printf3.o ABSOLUTE
    ../clib/microlib/printf/printf.c         0x00000000   Number         0  printfa.o ABSOLUTE
    ../clib/microlib/printf/printf.c         0x00000000   Number         0  printf8.o ABSOLUTE
    ../clib/microlib/printf/printf.c         0x00000000   Number         0  printfb.o ABSOLUTE
    ../clib/microlib/printf/printf.c         0x00000000   Number         0  printf6.o ABSOLUTE
    ../clib/microlib/printf/printf.c         0x00000000   Number         0  printf4.o ABSOLUTE
    ../clib/microlib/printf/printf.c         0x00000000   Number         0  printf5.o ABSOLUTE
    ../clib/microlib/printf/stubs.s          0x00000000   Number         0  stubs.o ABSOLUTE
    ../clib/microlib/stdio/streams.c         0x00000000   Number         0  stdout.o ABSOLUTE
    ../clib/microlib/string/memcpy.c         0x00000000   Number         0  memcpyb.o ABSOLUTE
    ../clib/microlib/string/memcpy.c         0x00000000   Number         0  memcpya.o ABSOLUTE
    ../clib/microlib/string/memset.c         0x00000000   Number         0  memseta.o ABSOLUTE
    ../clib/microlib/stubs.s                 0x00000000   Number         0  iusefp.o ABSOLUTE
    ../fplib/microlib/fpadd.c                0x00000000   Number         0  dadd.o ABSOLUTE
    ../fplib/microlib/fpdiv.c                0x00000000   Number         0  ddiv.o ABSOLUTE
    ../fplib/microlib/fpepilogue.c           0x00000000   Number         0  depilogue.o ABSOLUTE
    ../fplib/microlib/fpfix.c                0x00000000   Number         0  dfixul.o ABSOLUTE
    ../fplib/microlib/fpmul.c                0x00000000   Number         0  dmul.o ABSOLUTE
    STM32F4xx_HAL_Driver\Src\stm32f4xx_hal.c 0x00000000   Number         0  stm32f4xx_hal.o ABSOLUTE
    STM32F4xx_HAL_Driver\Src\stm32f4xx_hal_adc.c 0x00000000   Number         0  stm32f4xx_hal_adc.o ABSOLUTE
    STM32F4xx_HAL_Driver\Src\stm32f4xx_hal_adc_ex.c 0x00000000   Number         0  stm32f4xx_hal_adc_ex.o ABSOLUTE
    STM32F4xx_HAL_Driver\Src\stm32f4xx_hal_can.c 0x00000000   Number         0  stm32f4xx_hal_can.o ABSOLUTE
    STM32F4xx_HAL_Driver\Src\stm32f4xx_hal_cec.c 0x00000000   Number         0  stm32f4xx_hal_cec.o ABSOLUTE
    STM32F4xx_HAL_Driver\Src\stm32f4xx_hal_cortex.c 0x00000000   Number         0  stm32f4xx_hal_cortex.o ABSOLUTE
    STM32F4xx_HAL_Driver\Src\stm32f4xx_hal_crc.c 0x00000000   Number         0  stm32f4xx_hal_crc.o ABSOLUTE
    STM32F4xx_HAL_Driver\Src\stm32f4xx_hal_cryp.c 0x00000000   Number         0  stm32f4xx_hal_cryp.o ABSOLUTE
    STM32F4xx_HAL_Driver\Src\stm32f4xx_hal_cryp_ex.c 0x00000000   Number         0  stm32f4xx_hal_cryp_ex.o ABSOLUTE
    STM32F4xx_HAL_Driver\Src\stm32f4xx_hal_dac.c 0x00000000   Number         0  stm32f4xx_hal_dac.o ABSOLUTE
    STM32F4xx_HAL_Driver\Src\stm32f4xx_hal_dac_ex.c 0x00000000   Number         0  stm32f4xx_hal_dac_ex.o ABSOLUTE
    STM32F4xx_HAL_Driver\Src\stm32f4xx_hal_dcmi.c 0x00000000   Number         0  stm32f4xx_hal_dcmi.o ABSOLUTE
    STM32F4xx_HAL_Driver\Src\stm32f4xx_hal_dcmi_ex.c 0x00000000   Number         0  stm32f4xx_hal_dcmi_ex.o ABSOLUTE
    STM32F4xx_HAL_Driver\Src\stm32f4xx_hal_dma.c 0x00000000   Number         0  stm32f4xx_hal_dma.o ABSOLUTE
    STM32F4xx_HAL_Driver\Src\stm32f4xx_hal_dma2d.c 0x00000000   Number         0  stm32f4xx_hal_dma2d.o ABSOLUTE
    STM32F4xx_HAL_Driver\Src\stm32f4xx_hal_dma_ex.c 0x00000000   Number         0  stm32f4xx_hal_dma_ex.o ABSOLUTE
    STM32F4xx_HAL_Driver\Src\stm32f4xx_hal_dsi.c 0x00000000   Number         0  stm32f4xx_hal_dsi.o ABSOLUTE
    STM32F4xx_HAL_Driver\Src\stm32f4xx_hal_eth.c 0x00000000   Number         0  stm32f4xx_hal_eth.o ABSOLUTE
    STM32F4xx_HAL_Driver\Src\stm32f4xx_hal_flash.c 0x00000000   Number         0  stm32f4xx_hal_flash.o ABSOLUTE
    STM32F4xx_HAL_Driver\Src\stm32f4xx_hal_flash_ex.c 0x00000000   Number         0  stm32f4xx_hal_flash_ex.o ABSOLUTE
    STM32F4xx_HAL_Driver\Src\stm32f4xx_hal_flash_ramfunc.c 0x00000000   Number         0  stm32f4xx_hal_flash_ramfunc.o ABSOLUTE
    STM32F4xx_HAL_Driver\Src\stm32f4xx_hal_fmpi2c.c 0x00000000   Number         0  stm32f4xx_hal_fmpi2c.o ABSOLUTE
    STM32F4xx_HAL_Driver\Src\stm32f4xx_hal_fmpi2c_ex.c 0x00000000   Number         0  stm32f4xx_hal_fmpi2c_ex.o ABSOLUTE
    STM32F4xx_HAL_Driver\Src\stm32f4xx_hal_gpio.c 0x00000000   Number         0  stm32f4xx_hal_gpio.o ABSOLUTE
    STM32F4xx_HAL_Driver\Src\stm32f4xx_hal_hash.c 0x00000000   Number         0  stm32f4xx_hal_hash.o ABSOLUTE
    STM32F4xx_HAL_Driver\Src\stm32f4xx_hal_hash_ex.c 0x00000000   Number         0  stm32f4xx_hal_hash_ex.o ABSOLUTE
    STM32F4xx_HAL_Driver\Src\stm32f4xx_hal_hcd.c 0x00000000   Number         0  stm32f4xx_hal_hcd.o ABSOLUTE
    STM32F4xx_HAL_Driver\Src\stm32f4xx_hal_i2c.c 0x00000000   Number         0  stm32f4xx_hal_i2c.o ABSOLUTE
    STM32F4xx_HAL_Driver\Src\stm32f4xx_hal_i2c_ex.c 0x00000000   Number         0  stm32f4xx_hal_i2c_ex.o ABSOLUTE
    STM32F4xx_HAL_Driver\Src\stm32f4xx_hal_i2s.c 0x00000000   Number         0  stm32f4xx_hal_i2s.o ABSOLUTE
    STM32F4xx_HAL_Driver\Src\stm32f4xx_hal_i2s_ex.c 0x00000000   Number         0  stm32f4xx_hal_i2s_ex.o ABSOLUTE
    STM32F4xx_HAL_Driver\Src\stm32f4xx_hal_irda.c 0x00000000   Number         0  stm32f4xx_hal_irda.o ABSOLUTE
    STM32F4xx_HAL_Driver\Src\stm32f4xx_hal_iwdg.c 0x00000000   Number         0  stm32f4xx_hal_iwdg.o ABSOLUTE
    STM32F4xx_HAL_Driver\Src\stm32f4xx_hal_lptim.c 0x00000000   Number         0  stm32f4xx_hal_lptim.o ABSOLUTE
    STM32F4xx_HAL_Driver\Src\stm32f4xx_hal_ltdc.c 0x00000000   Number         0  stm32f4xx_hal_ltdc.o ABSOLUTE
    STM32F4xx_HAL_Driver\Src\stm32f4xx_hal_ltdc_ex.c 0x00000000   Number         0  stm32f4xx_hal_ltdc_ex.o ABSOLUTE
    STM32F4xx_HAL_Driver\Src\stm32f4xx_hal_msp_template.c 0x00000000   Number         0  stm32f4xx_hal_msp_template.o ABSOLUTE
    STM32F4xx_HAL_Driver\Src\stm32f4xx_hal_nand.c 0x00000000   Number         0  stm32f4xx_hal_nand.o ABSOLUTE
    STM32F4xx_HAL_Driver\Src\stm32f4xx_hal_nor.c 0x00000000   Number         0  stm32f4xx_hal_nor.o ABSOLUTE
    STM32F4xx_HAL_Driver\Src\stm32f4xx_hal_pccard.c 0x00000000   Number         0  stm32f4xx_hal_pccard.o ABSOLUTE
    STM32F4xx_HAL_Driver\Src\stm32f4xx_hal_pcd.c 0x00000000   Number         0  stm32f4xx_hal_pcd.o ABSOLUTE
    STM32F4xx_HAL_Driver\Src\stm32f4xx_hal_pcd_ex.c 0x00000000   Number         0  stm32f4xx_hal_pcd_ex.o ABSOLUTE
    STM32F4xx_HAL_Driver\Src\stm32f4xx_hal_pwr.c 0x00000000   Number         0  stm32f4xx_hal_pwr.o ABSOLUTE
    STM32F4xx_HAL_Driver\Src\stm32f4xx_hal_pwr_ex.c 0x00000000   Number         0  stm32f4xx_hal_pwr_ex.o ABSOLUTE
    STM32F4xx_HAL_Driver\Src\stm32f4xx_hal_qspi.c 0x00000000   Number         0  stm32f4xx_hal_qspi.o ABSOLUTE
    STM32F4xx_HAL_Driver\Src\stm32f4xx_hal_rcc.c 0x00000000   Number         0  stm32f4xx_hal_rcc.o ABSOLUTE
    STM32F4xx_HAL_Driver\Src\stm32f4xx_hal_rcc_ex.c 0x00000000   Number         0  stm32f4xx_hal_rcc_ex.o ABSOLUTE
    STM32F4xx_HAL_Driver\Src\stm32f4xx_hal_rng.c 0x00000000   Number         0  stm32f4xx_hal_rng.o ABSOLUTE
    STM32F4xx_HAL_Driver\Src\stm32f4xx_hal_rtc.c 0x00000000   Number         0  stm32f4xx_hal_rtc.o ABSOLUTE
    STM32F4xx_HAL_Driver\Src\stm32f4xx_hal_rtc_ex.c 0x00000000   Number         0  stm32f4xx_hal_rtc_ex.o ABSOLUTE
    STM32F4xx_HAL_Driver\Src\stm32f4xx_hal_sai.c 0x00000000   Number         0  stm32f4xx_hal_sai.o ABSOLUTE
    STM32F4xx_HAL_Driver\Src\stm32f4xx_hal_sai_ex.c 0x00000000   Number         0  stm32f4xx_hal_sai_ex.o ABSOLUTE
    STM32F4xx_HAL_Driver\Src\stm32f4xx_hal_sd.c 0x00000000   Number         0  stm32f4xx_hal_sd.o ABSOLUTE
    STM32F4xx_HAL_Driver\Src\stm32f4xx_hal_sdram.c 0x00000000   Number         0  stm32f4xx_hal_sdram.o ABSOLUTE
    STM32F4xx_HAL_Driver\Src\stm32f4xx_hal_smartcard.c 0x00000000   Number         0  stm32f4xx_hal_smartcard.o ABSOLUTE
    STM32F4xx_HAL_Driver\Src\stm32f4xx_hal_spdifrx.c 0x00000000   Number         0  stm32f4xx_hal_spdifrx.o ABSOLUTE
    STM32F4xx_HAL_Driver\Src\stm32f4xx_hal_spi.c 0x00000000   Number         0  stm32f4xx_hal_spi.o ABSOLUTE
    STM32F4xx_HAL_Driver\Src\stm32f4xx_hal_sram.c 0x00000000   Number         0  stm32f4xx_hal_sram.o ABSOLUTE
    STM32F4xx_HAL_Driver\Src\stm32f4xx_hal_tim.c 0x00000000   Number         0  stm32f4xx_hal_tim.o ABSOLUTE
    STM32F4xx_HAL_Driver\Src\stm32f4xx_hal_tim_ex.c 0x00000000   Number         0  stm32f4xx_hal_tim_ex.o ABSOLUTE
    STM32F4xx_HAL_Driver\Src\stm32f4xx_hal_uart.c 0x00000000   Number         0  stm32f4xx_hal_uart.o ABSOLUTE
    STM32F4xx_HAL_Driver\Src\stm32f4xx_hal_usart.c 0x00000000   Number         0  stm32f4xx_hal_usart.o ABSOLUTE
    STM32F4xx_HAL_Driver\Src\stm32f4xx_hal_wwdg.c 0x00000000   Number         0  stm32f4xx_hal_wwdg.o ABSOLUTE
    STM32F4xx_HAL_Driver\Src\stm32f4xx_ll_fmc.c 0x00000000   Number         0  stm32f4xx_ll_fmc.o ABSOLUTE
    STM32F4xx_HAL_Driver\Src\stm32f4xx_ll_fsmc.c 0x00000000   Number         0  stm32f4xx_ll_fsmc.o ABSOLUTE
    STM32F4xx_HAL_Driver\Src\stm32f4xx_ll_sdmmc.c 0x00000000   Number         0  stm32f4xx_ll_sdmmc.o ABSOLUTE
    STM32F4xx_HAL_Driver\Src\stm32f4xx_ll_usb.c 0x00000000   Number         0  stm32f4xx_ll_usb.o ABSOLUTE
    STM32F4xx_HAL_Driver\\Src\\stm32f4xx_hal.c 0x00000000   Number         0  stm32f4xx_hal.o ABSOLUTE
    STM32F4xx_HAL_Driver\\Src\\stm32f4xx_hal_adc.c 0x00000000   Number         0  stm32f4xx_hal_adc.o ABSOLUTE
    STM32F4xx_HAL_Driver\\Src\\stm32f4xx_hal_adc_ex.c 0x00000000   Number         0  stm32f4xx_hal_adc_ex.o ABSOLUTE
    STM32F4xx_HAL_Driver\\Src\\stm32f4xx_hal_can.c 0x00000000   Number         0  stm32f4xx_hal_can.o ABSOLUTE
    STM32F4xx_HAL_Driver\\Src\\stm32f4xx_hal_cec.c 0x00000000   Number         0  stm32f4xx_hal_cec.o ABSOLUTE
    STM32F4xx_HAL_Driver\\Src\\stm32f4xx_hal_cortex.c 0x00000000   Number         0  stm32f4xx_hal_cortex.o ABSOLUTE
    STM32F4xx_HAL_Driver\\Src\\stm32f4xx_hal_crc.c 0x00000000   Number         0  stm32f4xx_hal_crc.o ABSOLUTE
    STM32F4xx_HAL_Driver\\Src\\stm32f4xx_hal_cryp.c 0x00000000   Number         0  stm32f4xx_hal_cryp.o ABSOLUTE
    STM32F4xx_HAL_Driver\\Src\\stm32f4xx_hal_cryp_ex.c 0x00000000   Number         0  stm32f4xx_hal_cryp_ex.o ABSOLUTE
    STM32F4xx_HAL_Driver\\Src\\stm32f4xx_hal_dac.c 0x00000000   Number         0  stm32f4xx_hal_dac.o ABSOLUTE
    STM32F4xx_HAL_Driver\\Src\\stm32f4xx_hal_dac_ex.c 0x00000000   Number         0  stm32f4xx_hal_dac_ex.o ABSOLUTE
    STM32F4xx_HAL_Driver\\Src\\stm32f4xx_hal_dcmi.c 0x00000000   Number         0  stm32f4xx_hal_dcmi.o ABSOLUTE
    STM32F4xx_HAL_Driver\\Src\\stm32f4xx_hal_dcmi_ex.c 0x00000000   Number         0  stm32f4xx_hal_dcmi_ex.o ABSOLUTE
    STM32F4xx_HAL_Driver\\Src\\stm32f4xx_hal_dma.c 0x00000000   Number         0  stm32f4xx_hal_dma.o ABSOLUTE
    STM32F4xx_HAL_Driver\\Src\\stm32f4xx_hal_dma2d.c 0x00000000   Number         0  stm32f4xx_hal_dma2d.o ABSOLUTE
    STM32F4xx_HAL_Driver\\Src\\stm32f4xx_hal_dma_ex.c 0x00000000   Number         0  stm32f4xx_hal_dma_ex.o ABSOLUTE
    STM32F4xx_HAL_Driver\\Src\\stm32f4xx_hal_dsi.c 0x00000000   Number         0  stm32f4xx_hal_dsi.o ABSOLUTE
    STM32F4xx_HAL_Driver\\Src\\stm32f4xx_hal_eth.c 0x00000000   Number         0  stm32f4xx_hal_eth.o ABSOLUTE
    STM32F4xx_HAL_Driver\\Src\\stm32f4xx_hal_flash.c 0x00000000   Number         0  stm32f4xx_hal_flash.o ABSOLUTE
    STM32F4xx_HAL_Driver\\Src\\stm32f4xx_hal_flash_ex.c 0x00000000   Number         0  stm32f4xx_hal_flash_ex.o ABSOLUTE
    STM32F4xx_HAL_Driver\\Src\\stm32f4xx_hal_flash_ramfunc.c 0x00000000   Number         0  stm32f4xx_hal_flash_ramfunc.o ABSOLUTE
    STM32F4xx_HAL_Driver\\Src\\stm32f4xx_hal_fmpi2c.c 0x00000000   Number         0  stm32f4xx_hal_fmpi2c.o ABSOLUTE
    STM32F4xx_HAL_Driver\\Src\\stm32f4xx_hal_fmpi2c_ex.c 0x00000000   Number         0  stm32f4xx_hal_fmpi2c_ex.o ABSOLUTE
    STM32F4xx_HAL_Driver\\Src\\stm32f4xx_hal_gpio.c 0x00000000   Number         0  stm32f4xx_hal_gpio.o ABSOLUTE
    STM32F4xx_HAL_Driver\\Src\\stm32f4xx_hal_hash.c 0x00000000   Number         0  stm32f4xx_hal_hash.o ABSOLUTE
    STM32F4xx_HAL_Driver\\Src\\stm32f4xx_hal_hash_ex.c 0x00000000   Number         0  stm32f4xx_hal_hash_ex.o ABSOLUTE
    STM32F4xx_HAL_Driver\\Src\\stm32f4xx_hal_hcd.c 0x00000000   Number         0  stm32f4xx_hal_hcd.o ABSOLUTE
    STM32F4xx_HAL_Driver\\Src\\stm32f4xx_hal_i2c.c 0x00000000   Number         0  stm32f4xx_hal_i2c.o ABSOLUTE
    STM32F4xx_HAL_Driver\\Src\\stm32f4xx_hal_i2c_ex.c 0x00000000   Number         0  stm32f4xx_hal_i2c_ex.o ABSOLUTE
    STM32F4xx_HAL_Driver\\Src\\stm32f4xx_hal_i2s.c 0x00000000   Number         0  stm32f4xx_hal_i2s.o ABSOLUTE
    STM32F4xx_HAL_Driver\\Src\\stm32f4xx_hal_i2s_ex.c 0x00000000   Number         0  stm32f4xx_hal_i2s_ex.o ABSOLUTE
    STM32F4xx_HAL_Driver\\Src\\stm32f4xx_hal_irda.c 0x00000000   Number         0  stm32f4xx_hal_irda.o ABSOLUTE
    STM32F4xx_HAL_Driver\\Src\\stm32f4xx_hal_iwdg.c 0x00000000   Number         0  stm32f4xx_hal_iwdg.o ABSOLUTE
    STM32F4xx_HAL_Driver\\Src\\stm32f4xx_hal_lptim.c 0x00000000   Number         0  stm32f4xx_hal_lptim.o ABSOLUTE
    STM32F4xx_HAL_Driver\\Src\\stm32f4xx_hal_ltdc.c 0x00000000   Number         0  stm32f4xx_hal_ltdc.o ABSOLUTE
    STM32F4xx_HAL_Driver\\Src\\stm32f4xx_hal_ltdc_ex.c 0x00000000   Number         0  stm32f4xx_hal_ltdc_ex.o ABSOLUTE
    STM32F4xx_HAL_Driver\\Src\\stm32f4xx_hal_msp_template.c 0x00000000   Number         0  stm32f4xx_hal_msp_template.o ABSOLUTE
    STM32F4xx_HAL_Driver\\Src\\stm32f4xx_hal_nand.c 0x00000000   Number         0  stm32f4xx_hal_nand.o ABSOLUTE
    STM32F4xx_HAL_Driver\\Src\\stm32f4xx_hal_nor.c 0x00000000   Number         0  stm32f4xx_hal_nor.o ABSOLUTE
    STM32F4xx_HAL_Driver\\Src\\stm32f4xx_hal_pccard.c 0x00000000   Number         0  stm32f4xx_hal_pccard.o ABSOLUTE
    STM32F4xx_HAL_Driver\\Src\\stm32f4xx_hal_pcd.c 0x00000000   Number         0  stm32f4xx_hal_pcd.o ABSOLUTE
    STM32F4xx_HAL_Driver\\Src\\stm32f4xx_hal_pcd_ex.c 0x00000000   Number         0  stm32f4xx_hal_pcd_ex.o ABSOLUTE
    STM32F4xx_HAL_Driver\\Src\\stm32f4xx_hal_pwr.c 0x00000000   Number         0  stm32f4xx_hal_pwr.o ABSOLUTE
    STM32F4xx_HAL_Driver\\Src\\stm32f4xx_hal_pwr_ex.c 0x00000000   Number         0  stm32f4xx_hal_pwr_ex.o ABSOLUTE
    STM32F4xx_HAL_Driver\\Src\\stm32f4xx_hal_qspi.c 0x00000000   Number         0  stm32f4xx_hal_qspi.o ABSOLUTE
    STM32F4xx_HAL_Driver\\Src\\stm32f4xx_hal_rcc.c 0x00000000   Number         0  stm32f4xx_hal_rcc.o ABSOLUTE
    STM32F4xx_HAL_Driver\\Src\\stm32f4xx_hal_rcc_ex.c 0x00000000   Number         0  stm32f4xx_hal_rcc_ex.o ABSOLUTE
    STM32F4xx_HAL_Driver\\Src\\stm32f4xx_hal_rng.c 0x00000000   Number         0  stm32f4xx_hal_rng.o ABSOLUTE
    STM32F4xx_HAL_Driver\\Src\\stm32f4xx_hal_rtc.c 0x00000000   Number         0  stm32f4xx_hal_rtc.o ABSOLUTE
    STM32F4xx_HAL_Driver\\Src\\stm32f4xx_hal_rtc_ex.c 0x00000000   Number         0  stm32f4xx_hal_rtc_ex.o ABSOLUTE
    STM32F4xx_HAL_Driver\\Src\\stm32f4xx_hal_sai.c 0x00000000   Number         0  stm32f4xx_hal_sai.o ABSOLUTE
    STM32F4xx_HAL_Driver\\Src\\stm32f4xx_hal_sai_ex.c 0x00000000   Number         0  stm32f4xx_hal_sai_ex.o ABSOLUTE
    STM32F4xx_HAL_Driver\\Src\\stm32f4xx_hal_sd.c 0x00000000   Number         0  stm32f4xx_hal_sd.o ABSOLUTE
    STM32F4xx_HAL_Driver\\Src\\stm32f4xx_hal_sdram.c 0x00000000   Number         0  stm32f4xx_hal_sdram.o ABSOLUTE
    STM32F4xx_HAL_Driver\\Src\\stm32f4xx_hal_smartcard.c 0x00000000   Number         0  stm32f4xx_hal_smartcard.o ABSOLUTE
    STM32F4xx_HAL_Driver\\Src\\stm32f4xx_hal_spdifrx.c 0x00000000   Number         0  stm32f4xx_hal_spdifrx.o ABSOLUTE
    STM32F4xx_HAL_Driver\\Src\\stm32f4xx_hal_spi.c 0x00000000   Number         0  stm32f4xx_hal_spi.o ABSOLUTE
    STM32F4xx_HAL_Driver\\Src\\stm32f4xx_hal_sram.c 0x00000000   Number         0  stm32f4xx_hal_sram.o ABSOLUTE
    STM32F4xx_HAL_Driver\\Src\\stm32f4xx_hal_tim.c 0x00000000   Number         0  stm32f4xx_hal_tim.o ABSOLUTE
    STM32F4xx_HAL_Driver\\Src\\stm32f4xx_hal_tim_ex.c 0x00000000   Number         0  stm32f4xx_hal_tim_ex.o ABSOLUTE
    STM32F4xx_HAL_Driver\\Src\\stm32f4xx_hal_uart.c 0x00000000   Number         0  stm32f4xx_hal_uart.o ABSOLUTE
    STM32F4xx_HAL_Driver\\Src\\stm32f4xx_hal_usart.c 0x00000000   Number         0  stm32f4xx_hal_usart.o ABSOLUTE
    STM32F4xx_HAL_Driver\\Src\\stm32f4xx_hal_wwdg.c 0x00000000   Number         0  stm32f4xx_hal_wwdg.o ABSOLUTE
    STM32F4xx_HAL_Driver\\Src\\stm32f4xx_ll_fmc.c 0x00000000   Number         0  stm32f4xx_ll_fmc.o ABSOLUTE
    STM32F4xx_HAL_Driver\\Src\\stm32f4xx_ll_fsmc.c 0x00000000   Number         0  stm32f4xx_ll_fsmc.o ABSOLUTE
    STM32F4xx_HAL_Driver\\Src\\stm32f4xx_ll_sdmmc.c 0x00000000   Number         0  stm32f4xx_ll_sdmmc.o ABSOLUTE
    STM32F4xx_HAL_Driver\\Src\\stm32f4xx_ll_usb.c 0x00000000   Number         0  stm32f4xx_ll_usb.o ABSOLUTE
    cdrcmple.s                               0x00000000   Number         0  cdrcmple.o ABSOLUTE
    dc.s                                     0x00000000   Number         0  dc.o ABSOLUTE
    driver\\led.c                            0x00000000   Number         0  led.o ABSOLUTE
    driver\\spi2.c                           0x00000000   Number         0  spi2.o ABSOLUTE
    driver\\sys_init.c                       0x00000000   Number         0  sys_init.o ABSOLUTE
    driver\\timer3.c                         0x00000000   Number         0  timer3.o ABSOLUTE
    driver\\uart2.c                          0x00000000   Number         0  uart2.o ABSOLUTE
    driver\\w5500.c                          0x00000000   Number         0  w5500.o ABSOLUTE
    driver\led.c                             0x00000000   Number         0  led.o ABSOLUTE
    driver\spi2.c                            0x00000000   Number         0  spi2.o ABSOLUTE
    driver\sys_init.c                        0x00000000   Number         0  sys_init.o ABSOLUTE
    driver\timer3.c                          0x00000000   Number         0  timer3.o ABSOLUTE
    driver\uart2.c                           0x00000000   Number         0  uart2.o ABSOLUTE
    driver\w5500.c                           0x00000000   Number         0  w5500.o ABSOLUTE
    handlers.s                               0x00000000   Number         0  handlers.o ABSOLUTE
    init.s                                   0x00000000   Number         0  init.o ABSOLUTE
    src\\main.c                              0x00000000   Number         0  main.o ABSOLUTE
    src\\stm32f4xx_it.c                      0x00000000   Number         0  stm32f4xx_it.o ABSOLUTE
    src\\system_stm32f4xx.c                  0x00000000   Number         0  system_stm32f4xx.o ABSOLUTE
    src\main.c                               0x00000000   Number         0  main.o ABSOLUTE
    src\stm32f4xx_it.c                       0x00000000   Number         0  stm32f4xx_it.o ABSOLUTE
    src\system_stm32f4xx.c                   0x00000000   Number         0  system_stm32f4xx.o ABSOLUTE
    startup\startup_stm32f429xx.s            0x00000000   Number         0  startup_stm32f429xx.o ABSOLUTE
    RESET                                    0x08000000   Section      428  startup_stm32f429xx.o(RESET)
    .ARM.Collect$$$$00000000                 0x080001ac   Section        0  entry.o(.ARM.Collect$$$$00000000)
    .ARM.Collect$$$$00000001                 0x080001ac   Section        4  entry2.o(.ARM.Collect$$$$00000001)
    .ARM.Collect$$$$00000004                 0x080001b0   Section        4  entry5.o(.ARM.Collect$$$$00000004)
    .ARM.Collect$$$$00000008                 0x080001b4   Section        0  entry7b.o(.ARM.Collect$$$$00000008)
    .ARM.Collect$$$$0000000A                 0x080001b4   Section        0  entry8b.o(.ARM.Collect$$$$0000000A)
    .ARM.Collect$$$$0000000B                 0x080001b4   Section        8  entry9a.o(.ARM.Collect$$$$0000000B)
    .ARM.Collect$$$$0000000D                 0x080001bc   Section        0  entry10a.o(.ARM.Collect$$$$0000000D)
    .ARM.Collect$$$$0000000F                 0x080001bc   Section        0  entry11a.o(.ARM.Collect$$$$0000000F)
    .ARM.Collect$$$$00002712                 0x080001bc   Section        4  entry2.o(.ARM.Collect$$$$00002712)
    __lit__00000000                          0x080001bc   Data           4  entry2.o(.ARM.Collect$$$$00002712)
    .text                                    0x080001c0   Section       36  startup_stm32f429xx.o(.text)
    $v0                                      0x080001c0   Number         0  startup_stm32f429xx.o(.text)
    .text                                    0x080001e4   Section        0  uldiv.o(.text)
    .text                                    0x08000246   Section        0  llshl.o(.text)
    .text                                    0x08000264   Section        0  llushr.o(.text)
    .text                                    0x08000284   Section       36  init.o(.text)
    i.BusFault_Handler                       0x080002a8   Section        0  stm32f4xx_it.o(i.BusFault_Handler)
    i.DebugMon_Handler                       0x080002ac   Section        0  stm32f4xx_it.o(i.DebugMon_Handler)
    i.EXTI15_10_IRQHandler                   0x080002ae   Section        0  spi2.o(i.EXTI15_10_IRQHandler)
    i.HAL_GPIO_EXTI_Callback                 0x080002bc   Section        0  spi2.o(i.HAL_GPIO_EXTI_Callback)
    i.HAL_GPIO_EXTI_IRQHandler               0x08000304   Section        0  stm32f4xx_hal_gpio.o(i.HAL_GPIO_EXTI_IRQHandler)
    i.HAL_GPIO_Init                          0x08000320   Section        0  stm32f4xx_hal_gpio.o(i.HAL_GPIO_Init)
    i.HAL_GPIO_WritePin                      0x0800053c   Section        0  stm32f4xx_hal_gpio.o(i.HAL_GPIO_WritePin)
    i.HAL_GetTick                            0x08000548   Section        0  stm32f4xx_hal.o(i.HAL_GetTick)
    i.HAL_IncTick                            0x08000554   Section        0  stm32f4xx_hal.o(i.HAL_IncTick)
    i.HAL_Init                               0x08000564   Section        0  stm32f4xx_hal.o(i.HAL_Init)
    i.HAL_InitTick                           0x080005a0   Section        0  stm32f4xx_hal.o(i.HAL_InitTick)
    i.HAL_MspInit                            0x080005c4   Section        0  stm32f4xx_hal_msp_template.o(i.HAL_MspInit)
    i.HAL_NVIC_EnableIRQ                     0x080005c6   Section        0  stm32f4xx_hal_cortex.o(i.HAL_NVIC_EnableIRQ)
    i.HAL_NVIC_SetPriority                   0x080005e0   Section        0  stm32f4xx_hal_cortex.o(i.HAL_NVIC_SetPriority)
    i.HAL_NVIC_SetPriorityGrouping           0x0800065c   Section        0  stm32f4xx_hal_cortex.o(i.HAL_NVIC_SetPriorityGrouping)
    i.HAL_PWREx_EnableOverDrive              0x08000684   Section        0  stm32f4xx_hal_pwr_ex.o(i.HAL_PWREx_EnableOverDrive)
    i.HAL_RCC_ClockConfig                    0x08000728   Section        0  stm32f4xx_hal_rcc.o(i.HAL_RCC_ClockConfig)
    i.HAL_RCC_GetHCLKFreq                    0x080009d8   Section        0  stm32f4xx_hal_rcc.o(i.HAL_RCC_GetHCLKFreq)
    i.HAL_RCC_GetPCLK1Freq                   0x08000a10   Section        0  stm32f4xx_hal_rcc.o(i.HAL_RCC_GetPCLK1Freq)
    i.HAL_RCC_GetPCLK2Freq                   0x08000a3c   Section        0  stm32f4xx_hal_rcc.o(i.HAL_RCC_GetPCLK2Freq)
    i.HAL_RCC_GetSysClockFreq                0x08000a68   Section        0  stm32f4xx_hal_rcc.o(i.HAL_RCC_GetSysClockFreq)
    i.HAL_RCC_OscConfig                      0x08000b1c   Section        0  stm32f4xx_hal_rcc.o(i.HAL_RCC_OscConfig)
    i.HAL_SPI_Init                           0x08000f24   Section        0  stm32f4xx_hal_spi.o(i.HAL_SPI_Init)
    i.HAL_SPI_MspInit                        0x08000fac   Section        0  spi2.o(i.HAL_SPI_MspInit)
    i.HAL_SPI_TransmitReceive                0x08001020   Section        0  stm32f4xx_hal_spi.o(i.HAL_SPI_TransmitReceive)
    i.HAL_SYSTICK_Config                     0x08001372   Section        0  stm32f4xx_hal_cortex.o(i.HAL_SYSTICK_Config)
    i.HAL_TIMEx_BreakCallback                0x080013a6   Section        0  stm32f4xx_hal_tim_ex.o(i.HAL_TIMEx_BreakCallback)
    i.HAL_TIMEx_CommutationCallback          0x080013a8   Section        0  stm32f4xx_hal_tim_ex.o(i.HAL_TIMEx_CommutationCallback)
    i.HAL_TIM_Base_Init                      0x080013aa   Section        0  stm32f4xx_hal_tim.o(i.HAL_TIM_Base_Init)
    i.HAL_TIM_Base_MspInit                   0x080013e0   Section        0  timer3.o(i.HAL_TIM_Base_MspInit)
    i.HAL_TIM_Base_Start_IT                  0x08001428   Section        0  stm32f4xx_hal_tim.o(i.HAL_TIM_Base_Start_IT)
    i.HAL_TIM_IC_CaptureCallback             0x08001446   Section        0  stm32f4xx_hal_tim.o(i.HAL_TIM_IC_CaptureCallback)
    i.HAL_TIM_IRQHandler                     0x08001448   Section        0  stm32f4xx_hal_tim.o(i.HAL_TIM_IRQHandler)
    i.HAL_TIM_OC_DelayElapsedCallback        0x080015de   Section        0  stm32f4xx_hal_tim.o(i.HAL_TIM_OC_DelayElapsedCallback)
    i.HAL_TIM_PWM_PulseFinishedCallback      0x080015e0   Section        0  stm32f4xx_hal_tim.o(i.HAL_TIM_PWM_PulseFinishedCallback)
    i.HAL_TIM_PeriodElapsedCallback          0x080015e4   Section        0  timer3.o(i.HAL_TIM_PeriodElapsedCallback)
    i.HAL_TIM_TriggerCallback                0x08001628   Section        0  stm32f4xx_hal_tim.o(i.HAL_TIM_TriggerCallback)
    i.HAL_UART_Init                          0x0800162a   Section        0  stm32f4xx_hal_uart.o(i.HAL_UART_Init)
    i.HAL_UART_MspInit                       0x08001698   Section        0  uart2.o(i.HAL_UART_MspInit)
    i.HAL_UART_Receive_IT                    0x08001724   Section        0  stm32f4xx_hal_uart.o(i.HAL_UART_Receive_IT)
    i.HardFault_Handler                      0x080017aa   Section        0  stm32f4xx_it.o(i.HardFault_Handler)
    i.LED_Init                               0x080017b0   Section        0  led.o(i.LED_Init)
    i.MemManage_Handler                      0x0800180c   Section        0  stm32f4xx_it.o(i.MemManage_Handler)
    i.NMI_Handler                            0x08001810   Section        0  stm32f4xx_it.o(i.NMI_Handler)
    i.NVIC_GetPriorityGrouping               0x08001814   Section        0  stm32f4xx_hal_cortex.o(i.NVIC_GetPriorityGrouping)
    NVIC_GetPriorityGrouping                 0x08001815   Thumb Code    10  stm32f4xx_hal_cortex.o(i.NVIC_GetPriorityGrouping)
    i.NVIC_SetPriority                       0x08001824   Section        0  stm32f4xx_hal_cortex.o(i.NVIC_SetPriority)
    NVIC_SetPriority                         0x08001825   Thumb Code    32  stm32f4xx_hal_cortex.o(i.NVIC_SetPriority)
    i.PendSV_Handler                         0x0800184c   Section        0  stm32f4xx_it.o(i.PendSV_Handler)
    i.SPI2_Init                              0x08001850   Section        0  spi2.o(i.SPI2_Init)
    i.SPI2_ReadWriteByte                     0x080018f4   Section        0  spi2.o(i.SPI2_ReadWriteByte)
    i.SPI2_SetSpeed                          0x08001914   Section        0  spi2.o(i.SPI2_SetSpeed)
    i.SPI_WaitOnFlagUntilTimeout             0x0800195c   Section        0  stm32f4xx_hal_spi.o(i.SPI_WaitOnFlagUntilTimeout)
    SPI_WaitOnFlagUntilTimeout               0x0800195d   Thumb Code   276  stm32f4xx_hal_spi.o(i.SPI_WaitOnFlagUntilTimeout)
    i.SVC_Handler                            0x08001a70   Section        0  stm32f4xx_it.o(i.SVC_Handler)
    i.Stm32_Clock_Init                       0x08001a74   Section        0  sys_init.o(i.Stm32_Clock_Init)
    i.SysTick_Handler                        0x08001b2c   Section        0  stm32f4xx_it.o(i.SysTick_Handler)
    i.SystemInit                             0x08001b34   Section        0  system_stm32f4xx.o(i.SystemInit)
    i.TIM3_IRQHandler                        0x08001b98   Section        0  timer3.o(i.TIM3_IRQHandler)
    i.TIM3_Init                              0x08001ba8   Section        0  timer3.o(i.TIM3_Init)
    i.TIM_Base_SetConfig                     0x08001bd4   Section        0  stm32f4xx_hal_tim.o(i.TIM_Base_SetConfig)
    i.UART_SetConfig                         0x08001cb8   Section        0  stm32f4xx_hal_uart.o(i.UART_SetConfig)
    UART_SetConfig                           0x08001cb9   Thumb Code   538  stm32f4xx_hal_uart.o(i.UART_SetConfig)
    i.UsageFault_Handler                     0x08001edc   Section        0  stm32f4xx_it.o(i.UsageFault_Handler)
    i.W550_CONTROL                           0x08001ee0   Section        0  w5500.o(i.W550_CONTROL)
    i.__0printf$8                            0x08001f00   Section        0  printf8.o(i.__0printf$8)
    i.__scatterload_copy                     0x08001f20   Section       14  handlers.o(i.__scatterload_copy)
    i.__scatterload_null                     0x08001f2e   Section        2  handlers.o(i.__scatterload_null)
    i.__scatterload_zeroinit                 0x08001f30   Section       14  handlers.o(i.__scatterload_zeroinit)
    i._printf_core                           0x08001f40   Section        0  printf8.o(i._printf_core)
    _printf_core                             0x08001f41   Thumb Code   996  printf8.o(i._printf_core)
    i._printf_post_padding                   0x08002350   Section        0  printf8.o(i._printf_post_padding)
    _printf_post_padding                     0x08002351   Thumb Code    36  printf8.o(i._printf_post_padding)
    i._printf_pre_padding                    0x08002374   Section        0  printf8.o(i._printf_pre_padding)
    _printf_pre_padding                      0x08002375   Thumb Code    46  printf8.o(i._printf_pre_padding)
    i.delay_ms                               0x080023a4   Section        0  timer3.o(i.delay_ms)
    i.fputc                                  0x080023b8   Section        0  uart2.o(i.fputc)
    i.get_sys_time                           0x080023d4   Section        0  timer3.o(i.get_sys_time)
    i.led_flash                              0x080023e0   Section        0  led.o(i.led_flash)
    i.main                                   0x08002428   Section        0  main.o(i.main)
    i.socket_status                          0x08002658   Section        0  w5500.o(i.socket_status)
    i.uart2_init                             0x080026c8   Section        0  uart2.o(i.uart2_init)
    i.w5500_get_cfg_bytedata                 0x08002700   Section        0  w5500.o(i.w5500_get_cfg_bytedata)
    i.w5500_get_interrupt_flag               0x08002740   Section        0  spi2.o(i.w5500_get_interrupt_flag)
    i.w5500_get_version                      0x0800274c   Section        0  w5500.o(i.w5500_get_version)
    i.w5500_init                             0x08002788   Section        0  w5500.o(i.w5500_init)
    i.w5500_interrupt_line                   0x08002840   Section        0  spi2.o(i.w5500_interrupt_line)
    i.w5500_reset                            0x08002898   Section        0  w5500.o(i.w5500_reset)
    i.w5500_set_buff_size                    0x080028bc   Section        0  w5500.o(i.w5500_set_buff_size)
    i.w5500_set_cfg_data                     0x0800297c   Section        0  w5500.o(i.w5500_set_cfg_data)
    i.w5500_set_gateway                      0x080029c8   Section        0  w5500.o(i.w5500_set_gateway)
    i.w5500_set_interrupt                    0x08002a6c   Section        0  w5500.o(i.w5500_set_interrupt)
    i.w5500_set_interrupt_flag               0x08002b40   Section        0  spi2.o(i.w5500_set_interrupt_flag)
    i.w5500_set_ip                           0x08002b4c   Section        0  w5500.o(i.w5500_set_ip)
    i.w5500_set_keepalive                    0x08002bec   Section        0  w5500.o(i.w5500_set_keepalive)
    i.w5500_set_macaddress                   0x08002c14   Section        0  w5500.o(i.w5500_set_macaddress)
    i.w5500_set_netmask                      0x08002cc0   Section        0  w5500.o(i.w5500_set_netmask)
    i.w5500_set_socket_mode                  0x08002d64   Section        0  w5500.o(i.w5500_set_socket_mode)
    i.w5500_set_socket_port                  0x08002dd0   Section        0  w5500.o(i.w5500_set_socket_port)
    i.w5500_set_socket_status                0x08002e5c   Section        0  w5500.o(i.w5500_set_socket_status)
    .constdata                               0x08002e82   Section       16  stm32f4xx_hal_rcc.o(.constdata)
    .conststring                             0x08002e94   Section      144  w5500.o(.conststring)
    .data                                    0x20000000   Section        4  main.o(.data)
    now_time                                 0x20000000   Data           4  main.o(.data)
    .data                                    0x20000004   Section       20  system_stm32f4xx.o(.data)
    .data                                    0x20000018   Section        4  stm32f4xx_hal.o(.data)
    uwTick                                   0x20000018   Data           4  stm32f4xx_hal.o(.data)
    .data                                    0x2000001c   Section        1  uart2.o(.data)
    .data                                    0x20000020   Section       12  timer3.o(.data)
    time_count                               0x20000020   Data           4  timer3.o(.data)
    system_clock                             0x20000024   Data           4  timer3.o(.data)
    delay_val                                0x20000028   Data           4  timer3.o(.data)
    .data                                    0x2000002c   Section        1  spi2.o(.data)
    w5500_interrupt                          0x2000002c   Data           1  spi2.o(.data)
    .data                                    0x20000030   Section      180  w5500.o(.data)
    src_ip                                   0x20000030   Data           4  w5500.o(.data)
    src_netmask                              0x20000034   Data           4  w5500.o(.data)
    src_gateway                              0x20000038   Data           4  w5500.o(.data)
    src_mac                                  0x2000003c   Data           6  w5500.o(.data)
    .data                                    0x200000e4   Section        4  stdout.o(.data)
    .bss                                     0x200000e8   Section       74  uart2.o(.bss)
    UART2_Handler                            0x200000e8   Data          64  uart2.o(.bss)
    .bss                                     0x20000134   Section       60  timer3.o(.bss)
    .bss                                     0x20000170   Section       88  spi2.o(.bss)
    STACK                                    0x200001c8   Section     1024  startup_stm32f429xx.o(STACK)

    Global Symbols

    Symbol Name                              Value     Ov Type        Size  Object(Section)

    BuildAttributes$$THM_ISAv4$E$P$D$K$B$S$7EM$VFPi3$EXTD16$VFPS$VFMA$PE$A:L22UL41UL21$X:L11$S22US41US21$IEEE1$IW$USESV6$~STKCKD$USESV7$~SHL$OSPACE$ROPI$EBA8$MICROLIB$REQ8$PRES8$EABIv2 0x00000000   Number         0  anon$$obj.o ABSOLUTE
    __ARM_use_no_argv                        0x00000000   Number         0  main.o ABSOLUTE
    _printf_a                                0x00000000   Number         0  stubs.o ABSOLUTE
    _printf_c                                0x00000000   Number         0  stubs.o ABSOLUTE
    _printf_charcount                        0x00000000   Number         0  stubs.o ABSOLUTE
    _printf_d                                0x00000000   Number         0  stubs.o ABSOLUTE
    _printf_e                                0x00000000   Number         0  stubs.o ABSOLUTE
    _printf_f                                0x00000000   Number         0  stubs.o ABSOLUTE
    _printf_flags                            0x00000000   Number         0  stubs.o ABSOLUTE
    _printf_fp_dec                           0x00000000   Number         0  stubs.o ABSOLUTE
    _printf_fp_hex                           0x00000000   Number         0  stubs.o ABSOLUTE
    _printf_g                                0x00000000   Number         0  stubs.o ABSOLUTE
    _printf_i                                0x00000000   Number         0  stubs.o ABSOLUTE
    _printf_int_dec                          0x00000000   Number         0  stubs.o ABSOLUTE
    _printf_l                                0x00000000   Number         0  stubs.o ABSOLUTE
    _printf_lc                               0x00000000   Number         0  stubs.o ABSOLUTE
    _printf_ll                               0x00000000   Number         0  stubs.o ABSOLUTE
    _printf_lld                              0x00000000   Number         0  stubs.o ABSOLUTE
    _printf_lli                              0x00000000   Number         0  stubs.o ABSOLUTE
    _printf_llo                              0x00000000   Number         0  stubs.o ABSOLUTE
    _printf_llu                              0x00000000   Number         0  stubs.o ABSOLUTE
    _printf_llx                              0x00000000   Number         0  stubs.o ABSOLUTE
    _printf_longlong_dec                     0x00000000   Number         0  stubs.o ABSOLUTE
    _printf_longlong_hex                     0x00000000   Number         0  stubs.o ABSOLUTE
    _printf_longlong_oct                     0x00000000   Number         0  stubs.o ABSOLUTE
    _printf_ls                               0x00000000   Number         0  stubs.o ABSOLUTE
    _printf_mbtowc                           0x00000000   Number         0  stubs.o ABSOLUTE
    _printf_n                                0x00000000   Number         0  stubs.o ABSOLUTE
    _printf_o                                0x00000000   Number         0  stubs.o ABSOLUTE
    _printf_p                                0x00000000   Number         0  stubs.o ABSOLUTE
    _printf_percent                          0x00000000   Number         0  stubs.o ABSOLUTE
    _printf_pre_padding                      0x00000000   Number         0  stubs.o ABSOLUTE
    _printf_return_value                     0x00000000   Number         0  stubs.o ABSOLUTE
    _printf_s                                0x00000000   Number         0  stubs.o ABSOLUTE
    _printf_sizespec                         0x00000000   Number         0  stubs.o ABSOLUTE
    _printf_str                              0x00000000   Number         0  stubs.o ABSOLUTE
    _printf_truncate_signed                  0x00000000   Number         0  stubs.o ABSOLUTE
    _printf_truncate_unsigned                0x00000000   Number         0  stubs.o ABSOLUTE
    _printf_u                                0x00000000   Number         0  stubs.o ABSOLUTE
    _printf_wc                               0x00000000   Number         0  stubs.o ABSOLUTE
    _printf_wctomb                           0x00000000   Number         0  stubs.o ABSOLUTE
    _printf_widthprec                        0x00000000   Number         0  stubs.o ABSOLUTE
    _printf_x                                0x00000000   Number         0  stubs.o ABSOLUTE
    __cpp_initialize__aeabi_                  - Undefined Weak Reference
    __cxa_finalize                            - Undefined Weak Reference
    __decompress                              - Undefined Weak Reference
    _clock_init                               - Undefined Weak Reference
    _microlib_exit                            - Undefined Weak Reference
    __Vectors_Size                           0x000001ac   Number         0  startup_stm32f429xx.o ABSOLUTE
    __Vectors                                0x08000000   Data           4  startup_stm32f429xx.o(RESET)
    __Vectors_End                            0x080001ac   Data           0  startup_stm32f429xx.o(RESET)
    __main                                   0x080001ad   Thumb Code     0  entry.o(.ARM.Collect$$$$00000000)
    _main_stk                                0x080001ad   Thumb Code     0  entry2.o(.ARM.Collect$$$$00000001)
    _main_scatterload                        0x080001b1   Thumb Code     0  entry5.o(.ARM.Collect$$$$00000004)
    __main_after_scatterload                 0x080001b5   Thumb Code     0  entry5.o(.ARM.Collect$$$$00000004)
    _main_clock                              0x080001b5   Thumb Code     0  entry7b.o(.ARM.Collect$$$$00000008)
    _main_cpp_init                           0x080001b5   Thumb Code     0  entry8b.o(.ARM.Collect$$$$0000000A)
    _main_init                               0x080001b5   Thumb Code     0  entry9a.o(.ARM.Collect$$$$0000000B)
    __rt_final_cpp                           0x080001bd   Thumb Code     0  entry10a.o(.ARM.Collect$$$$0000000D)
    __rt_final_exit                          0x080001bd   Thumb Code     0  entry11a.o(.ARM.Collect$$$$0000000F)
    Reset_Handler                            0x080001c1   Thumb Code     8  startup_stm32f429xx.o(.text)
    ADC_IRQHandler                           0x080001db   Thumb Code     0  startup_stm32f429xx.o(.text)
    CAN1_RX0_IRQHandler                      0x080001db   Thumb Code     0  startup_stm32f429xx.o(.text)
    CAN1_RX1_IRQHandler                      0x080001db   Thumb Code     0  startup_stm32f429xx.o(.text)
    CAN1_SCE_IRQHandler                      0x080001db   Thumb Code     0  startup_stm32f429xx.o(.text)
    CAN1_TX_IRQHandler                       0x080001db   Thumb Code     0  startup_stm32f429xx.o(.text)
    CAN2_RX0_IRQHandler                      0x080001db   Thumb Code     0  startup_stm32f429xx.o(.text)
    CAN2_RX1_IRQHandler                      0x080001db   Thumb Code     0  startup_stm32f429xx.o(.text)
    CAN2_SCE_IRQHandler                      0x080001db   Thumb Code     0  startup_stm32f429xx.o(.text)
    CAN2_TX_IRQHandler                       0x080001db   Thumb Code     0  startup_stm32f429xx.o(.text)
    DCMI_IRQHandler                          0x080001db   Thumb Code     0  startup_stm32f429xx.o(.text)
    DMA1_Stream0_IRQHandler                  0x080001db   Thumb Code     0  startup_stm32f429xx.o(.text)
    DMA1_Stream1_IRQHandler                  0x080001db   Thumb Code     0  startup_stm32f429xx.o(.text)
    DMA1_Stream2_IRQHandler                  0x080001db   Thumb Code     0  startup_stm32f429xx.o(.text)
    DMA1_Stream3_IRQHandler                  0x080001db   Thumb Code     0  startup_stm32f429xx.o(.text)
    DMA1_Stream4_IRQHandler                  0x080001db   Thumb Code     0  startup_stm32f429xx.o(.text)
    DMA1_Stream5_IRQHandler                  0x080001db   Thumb Code     0  startup_stm32f429xx.o(.text)
    DMA1_Stream6_IRQHandler                  0x080001db   Thumb Code     0  startup_stm32f429xx.o(.text)
    DMA1_Stream7_IRQHandler                  0x080001db   Thumb Code     0  startup_stm32f429xx.o(.text)
    DMA2D_IRQHandler                         0x080001db   Thumb Code     0  startup_stm32f429xx.o(.text)
    DMA2_Stream0_IRQHandler                  0x080001db   Thumb Code     0  startup_stm32f429xx.o(.text)
    DMA2_Stream1_IRQHandler                  0x080001db   Thumb Code     0  startup_stm32f429xx.o(.text)
    DMA2_Stream2_IRQHandler                  0x080001db   Thumb Code     0  startup_stm32f429xx.o(.text)
    DMA2_Stream3_IRQHandler                  0x080001db   Thumb Code     0  startup_stm32f429xx.o(.text)
    DMA2_Stream4_IRQHandler                  0x080001db   Thumb Code     0  startup_stm32f429xx.o(.text)
    DMA2_Stream5_IRQHandler                  0x080001db   Thumb Code     0  startup_stm32f429xx.o(.text)
    DMA2_Stream6_IRQHandler                  0x080001db   Thumb Code     0  startup_stm32f429xx.o(.text)
    DMA2_Stream7_IRQHandler                  0x080001db   Thumb Code     0  startup_stm32f429xx.o(.text)
    ETH_IRQHandler                           0x080001db   Thumb Code     0  startup_stm32f429xx.o(.text)
    ETH_WKUP_IRQHandler                      0x080001db   Thumb Code     0  startup_stm32f429xx.o(.text)
    EXTI0_IRQHandler                         0x080001db   Thumb Code     0  startup_stm32f429xx.o(.text)
    EXTI1_IRQHandler                         0x080001db   Thumb Code     0  startup_stm32f429xx.o(.text)
    EXTI2_IRQHandler                         0x080001db   Thumb Code     0  startup_stm32f429xx.o(.text)
    EXTI3_IRQHandler                         0x080001db   Thumb Code     0  startup_stm32f429xx.o(.text)
    EXTI4_IRQHandler                         0x080001db   Thumb Code     0  startup_stm32f429xx.o(.text)
    EXTI9_5_IRQHandler                       0x080001db   Thumb Code     0  startup_stm32f429xx.o(.text)
    FLASH_IRQHandler                         0x080001db   Thumb Code     0  startup_stm32f429xx.o(.text)
    FMC_IRQHandler                           0x080001db   Thumb Code     0  startup_stm32f429xx.o(.text)
    FPU_IRQHandler                           0x080001db   Thumb Code     0  startup_stm32f429xx.o(.text)
    HASH_RNG_IRQHandler                      0x080001db   Thumb Code     0  startup_stm32f429xx.o(.text)
    I2C1_ER_IRQHandler                       0x080001db   Thumb Code     0  startup_stm32f429xx.o(.text)
    I2C1_EV_IRQHandler                       0x080001db   Thumb Code     0  startup_stm32f429xx.o(.text)
    I2C2_ER_IRQHandler                       0x080001db   Thumb Code     0  startup_stm32f429xx.o(.text)
    I2C2_EV_IRQHandler                       0x080001db   Thumb Code     0  startup_stm32f429xx.o(.text)
    I2C3_ER_IRQHandler                       0x080001db   Thumb Code     0  startup_stm32f429xx.o(.text)
    I2C3_EV_IRQHandler                       0x080001db   Thumb Code     0  startup_stm32f429xx.o(.text)
    LTDC_ER_IRQHandler                       0x080001db   Thumb Code     0  startup_stm32f429xx.o(.text)
    LTDC_IRQHandler                          0x080001db   Thumb Code     0  startup_stm32f429xx.o(.text)
    OTG_FS_IRQHandler                        0x080001db   Thumb Code     0  startup_stm32f429xx.o(.text)
    OTG_FS_WKUP_IRQHandler                   0x080001db   Thumb Code     0  startup_stm32f429xx.o(.text)
    OTG_HS_EP1_IN_IRQHandler                 0x080001db   Thumb Code     0  startup_stm32f429xx.o(.text)
    OTG_HS_EP1_OUT_IRQHandler                0x080001db   Thumb Code     0  startup_stm32f429xx.o(.text)
    OTG_HS_IRQHandler                        0x080001db   Thumb Code     0  startup_stm32f429xx.o(.text)
    OTG_HS_WKUP_IRQHandler                   0x080001db   Thumb Code     0  startup_stm32f429xx.o(.text)
    PVD_IRQHandler                           0x080001db   Thumb Code     0  startup_stm32f429xx.o(.text)
    RCC_IRQHandler                           0x080001db   Thumb Code     0  startup_stm32f429xx.o(.text)
    RTC_Alarm_IRQHandler                     0x080001db   Thumb Code     0  startup_stm32f429xx.o(.text)
    RTC_WKUP_IRQHandler                      0x080001db   Thumb Code     0  startup_stm32f429xx.o(.text)
    SAI1_IRQHandler                          0x080001db   Thumb Code     0  startup_stm32f429xx.o(.text)
    SDIO_IRQHandler                          0x080001db   Thumb Code     0  startup_stm32f429xx.o(.text)
    SPI1_IRQHandler                          0x080001db   Thumb Code     0  startup_stm32f429xx.o(.text)
    SPI2_IRQHandler                          0x080001db   Thumb Code     0  startup_stm32f429xx.o(.text)
    SPI3_IRQHandler                          0x080001db   Thumb Code     0  startup_stm32f429xx.o(.text)
    SPI4_IRQHandler                          0x080001db   Thumb Code     0  startup_stm32f429xx.o(.text)
    SPI5_IRQHandler                          0x080001db   Thumb Code     0  startup_stm32f429xx.o(.text)
    SPI6_IRQHandler                          0x080001db   Thumb Code     0  startup_stm32f429xx.o(.text)
    TAMP_STAMP_IRQHandler                    0x080001db   Thumb Code     0  startup_stm32f429xx.o(.text)
    TIM1_BRK_TIM9_IRQHandler                 0x080001db   Thumb Code     0  startup_stm32f429xx.o(.text)
    TIM1_CC_IRQHandler                       0x080001db   Thumb Code     0  startup_stm32f429xx.o(.text)
    TIM1_TRG_COM_TIM11_IRQHandler            0x080001db   Thumb Code     0  startup_stm32f429xx.o(.text)
    TIM1_UP_TIM10_IRQHandler                 0x080001db   Thumb Code     0  startup_stm32f429xx.o(.text)
    TIM2_IRQHandler                          0x080001db   Thumb Code     0  startup_stm32f429xx.o(.text)
    TIM4_IRQHandler                          0x080001db   Thumb Code     0  startup_stm32f429xx.o(.text)
    TIM5_IRQHandler                          0x080001db   Thumb Code     0  startup_stm32f429xx.o(.text)
    TIM6_DAC_IRQHandler                      0x080001db   Thumb Code     0  startup_stm32f429xx.o(.text)
    TIM7_IRQHandler                          0x080001db   Thumb Code     0  startup_stm32f429xx.o(.text)
    TIM8_BRK_TIM12_IRQHandler                0x080001db   Thumb Code     0  startup_stm32f429xx.o(.text)
    TIM8_CC_IRQHandler                       0x080001db   Thumb Code     0  startup_stm32f429xx.o(.text)
    TIM8_TRG_COM_TIM14_IRQHandler            0x080001db   Thumb Code     0  startup_stm32f429xx.o(.text)
    TIM8_UP_TIM13_IRQHandler                 0x080001db   Thumb Code     0  startup_stm32f429xx.o(.text)
    UART4_IRQHandler                         0x080001db   Thumb Code     0  startup_stm32f429xx.o(.text)
    UART5_IRQHandler                         0x080001db   Thumb Code     0  startup_stm32f429xx.o(.text)
    UART7_IRQHandler                         0x080001db   Thumb Code     0  startup_stm32f429xx.o(.text)
    UART8_IRQHandler                         0x080001db   Thumb Code     0  startup_stm32f429xx.o(.text)
    USART1_IRQHandler                        0x080001db   Thumb Code     0  startup_stm32f429xx.o(.text)
    USART2_IRQHandler                        0x080001db   Thumb Code     0  startup_stm32f429xx.o(.text)
    USART3_IRQHandler                        0x080001db   Thumb Code     0  startup_stm32f429xx.o(.text)
    USART6_IRQHandler                        0x080001db   Thumb Code     0  startup_stm32f429xx.o(.text)
    WWDG_IRQHandler                          0x080001db   Thumb Code     0  startup_stm32f429xx.o(.text)
    __aeabi_uldivmod                         0x080001e5   Thumb Code    98  uldiv.o(.text)
    __aeabi_llsl                             0x08000247   Thumb Code    30  llshl.o(.text)
    _ll_shift_l                              0x08000247   Thumb Code     0  llshl.o(.text)
    __aeabi_llsr                             0x08000265   Thumb Code    32  llushr.o(.text)
    _ll_ushift_r                             0x08000265   Thumb Code     0  llushr.o(.text)
    __scatterload                            0x08000285   Thumb Code    28  init.o(.text)
    __scatterload_rt2                        0x08000285   Thumb Code     0  init.o(.text)
    BusFault_Handler                         0x080002a9   Thumb Code     4  stm32f4xx_it.o(i.BusFault_Handler)
    DebugMon_Handler                         0x080002ad   Thumb Code     2  stm32f4xx_it.o(i.DebugMon_Handler)
    EXTI15_10_IRQHandler                     0x080002af   Thumb Code    12  spi2.o(i.EXTI15_10_IRQHandler)
    HAL_GPIO_EXTI_Callback                   0x080002bd   Thumb Code    34  spi2.o(i.HAL_GPIO_EXTI_Callback)
    HAL_GPIO_EXTI_IRQHandler                 0x08000305   Thumb Code    24  stm32f4xx_hal_gpio.o(i.HAL_GPIO_EXTI_IRQHandler)
    HAL_GPIO_Init                            0x08000321   Thumb Code   486  stm32f4xx_hal_gpio.o(i.HAL_GPIO_Init)
    HAL_GPIO_WritePin                        0x0800053d   Thumb Code    12  stm32f4xx_hal_gpio.o(i.HAL_GPIO_WritePin)
    HAL_GetTick                              0x08000549   Thumb Code     6  stm32f4xx_hal.o(i.HAL_GetTick)
    HAL_IncTick                              0x08000555   Thumb Code    12  stm32f4xx_hal.o(i.HAL_IncTick)
    HAL_Init                                 0x08000565   Thumb Code    54  stm32f4xx_hal.o(i.HAL_Init)
    HAL_InitTick                             0x080005a1   Thumb Code    36  stm32f4xx_hal.o(i.HAL_InitTick)
    HAL_MspInit                              0x080005c5   Thumb Code     2  stm32f4xx_hal_msp_template.o(i.HAL_MspInit)
    HAL_NVIC_EnableIRQ                       0x080005c7   Thumb Code    26  stm32f4xx_hal_cortex.o(i.HAL_NVIC_EnableIRQ)
    HAL_NVIC_SetPriority                     0x080005e1   Thumb Code   124  stm32f4xx_hal_cortex.o(i.HAL_NVIC_SetPriority)
    HAL_NVIC_SetPriorityGrouping             0x0800065d   Thumb Code    32  stm32f4xx_hal_cortex.o(i.HAL_NVIC_SetPriorityGrouping)
    HAL_PWREx_EnableOverDrive                0x08000685   Thumb Code   152  stm32f4xx_hal_pwr_ex.o(i.HAL_PWREx_EnableOverDrive)
    HAL_RCC_ClockConfig                      0x08000729   Thumb Code   680  stm32f4xx_hal_rcc.o(i.HAL_RCC_ClockConfig)
    HAL_RCC_GetHCLKFreq                      0x080009d9   Thumb Code    42  stm32f4xx_hal_rcc.o(i.HAL_RCC_GetHCLKFreq)
    HAL_RCC_GetPCLK1Freq                     0x08000a11   Thumb Code    36  stm32f4xx_hal_rcc.o(i.HAL_RCC_GetPCLK1Freq)
    HAL_RCC_GetPCLK2Freq                     0x08000a3d   Thumb Code    36  stm32f4xx_hal_rcc.o(i.HAL_RCC_GetPCLK2Freq)
    HAL_RCC_GetSysClockFreq                  0x08000a69   Thumb Code   168  stm32f4xx_hal_rcc.o(i.HAL_RCC_GetSysClockFreq)
    HAL_RCC_OscConfig                        0x08000b1d   Thumb Code  1032  stm32f4xx_hal_rcc.o(i.HAL_RCC_OscConfig)
    HAL_SPI_Init                             0x08000f25   Thumb Code   136  stm32f4xx_hal_spi.o(i.HAL_SPI_Init)
    HAL_SPI_MspInit                          0x08000fad   Thumb Code   108  spi2.o(i.HAL_SPI_MspInit)
    HAL_SPI_TransmitReceive                  0x08001021   Thumb Code   850  stm32f4xx_hal_spi.o(i.HAL_SPI_TransmitReceive)
    HAL_SYSTICK_Config                       0x08001373   Thumb Code    52  stm32f4xx_hal_cortex.o(i.HAL_SYSTICK_Config)
    HAL_TIMEx_BreakCallback                  0x080013a7   Thumb Code     2  stm32f4xx_hal_tim_ex.o(i.HAL_TIMEx_BreakCallback)
    HAL_TIMEx_CommutationCallback            0x080013a9   Thumb Code     2  stm32f4xx_hal_tim_ex.o(i.HAL_TIMEx_CommutationCallback)
    HAL_TIM_Base_Init                        0x080013ab   Thumb Code    52  stm32f4xx_hal_tim.o(i.HAL_TIM_Base_Init)
    HAL_TIM_Base_MspInit                     0x080013e1   Thumb Code    62  timer3.o(i.HAL_TIM_Base_MspInit)
    HAL_TIM_Base_Start_IT                    0x08001429   Thumb Code    30  stm32f4xx_hal_tim.o(i.HAL_TIM_Base_Start_IT)
    HAL_TIM_IC_CaptureCallback               0x08001447   Thumb Code     2  stm32f4xx_hal_tim.o(i.HAL_TIM_IC_CaptureCallback)
    HAL_TIM_IRQHandler                       0x08001449   Thumb Code   406  stm32f4xx_hal_tim.o(i.HAL_TIM_IRQHandler)
    HAL_TIM_OC_DelayElapsedCallback          0x080015df   Thumb Code     2  stm32f4xx_hal_tim.o(i.HAL_TIM_OC_DelayElapsedCallback)
    HAL_TIM_PWM_PulseFinishedCallback        0x080015e1   Thumb Code     2  stm32f4xx_hal_tim.o(i.HAL_TIM_PWM_PulseFinishedCallback)
    HAL_TIM_PeriodElapsedCallback            0x080015e5   Thumb Code    52  timer3.o(i.HAL_TIM_PeriodElapsedCallback)
    HAL_TIM_TriggerCallback                  0x08001629   Thumb Code     2  stm32f4xx_hal_tim.o(i.HAL_TIM_TriggerCallback)
    HAL_UART_Init                            0x0800162b   Thumb Code   110  stm32f4xx_hal_uart.o(i.HAL_UART_Init)
    HAL_UART_MspInit                         0x08001699   Thumb Code   126  uart2.o(i.HAL_UART_MspInit)
    HAL_UART_Receive_IT                      0x08001725   Thumb Code   134  stm32f4xx_hal_uart.o(i.HAL_UART_Receive_IT)
    HardFault_Handler                        0x080017ab   Thumb Code     4  stm32f4xx_it.o(i.HardFault_Handler)
    LED_Init                                 0x080017b1   Thumb Code    82  led.o(i.LED_Init)
    MemManage_Handler                        0x0800180d   Thumb Code     4  stm32f4xx_it.o(i.MemManage_Handler)
    NMI_Handler                              0x08001811   Thumb Code     2  stm32f4xx_it.o(i.NMI_Handler)
    PendSV_Handler                           0x0800184d   Thumb Code     2  stm32f4xx_it.o(i.PendSV_Handler)
    SPI2_Init                                0x08001851   Thumb Code   142  spi2.o(i.SPI2_Init)
    SPI2_ReadWriteByte                       0x080018f5   Thumb Code    28  spi2.o(i.SPI2_ReadWriteByte)
    SPI2_SetSpeed                            0x08001915   Thumb Code    66  spi2.o(i.SPI2_SetSpeed)
    SVC_Handler                              0x08001a71   Thumb Code     2  stm32f4xx_it.o(i.SVC_Handler)
    Stm32_Clock_Init                         0x08001a75   Thumb Code   176  sys_init.o(i.Stm32_Clock_Init)
    SysTick_Handler                          0x08001b2d   Thumb Code     8  stm32f4xx_it.o(i.SysTick_Handler)
    SystemInit                               0x08001b35   Thumb Code    82  system_stm32f4xx.o(i.SystemInit)
    TIM3_IRQHandler                          0x08001b99   Thumb Code    10  timer3.o(i.TIM3_IRQHandler)
    TIM3_Init                                0x08001ba9   Thumb Code    36  timer3.o(i.TIM3_Init)
    TIM_Base_SetConfig                       0x08001bd5   Thumb Code   184  stm32f4xx_hal_tim.o(i.TIM_Base_SetConfig)
    UsageFault_Handler                       0x08001edd   Thumb Code     4  stm32f4xx_it.o(i.UsageFault_Handler)
    W550_CONTROL                             0x08001ee1   Thumb Code    30  w5500.o(i.W550_CONTROL)
    __0printf$8                              0x08001f01   Thumb Code    22  printf8.o(i.__0printf$8)
    __1printf$8                              0x08001f01   Thumb Code     0  printf8.o(i.__0printf$8)
    __2printf                                0x08001f01   Thumb Code     0  printf8.o(i.__0printf$8)
    __scatterload_copy                       0x08001f21   Thumb Code    14  handlers.o(i.__scatterload_copy)
    __scatterload_null                       0x08001f2f   Thumb Code     2  handlers.o(i.__scatterload_null)
    __scatterload_zeroinit                   0x08001f31   Thumb Code    14  handlers.o(i.__scatterload_zeroinit)
    delay_ms                                 0x080023a5   Thumb Code    16  timer3.o(i.delay_ms)
    fputc                                    0x080023b9   Thumb Code    24  uart2.o(i.fputc)
    get_sys_time                             0x080023d5   Thumb Code     6  timer3.o(i.get_sys_time)
    led_flash                                0x080023e1   Thumb Code    66  led.o(i.led_flash)
    main                                     0x08002429   Thumb Code   412  main.o(i.main)
    socket_status                            0x08002659   Thumb Code   100  w5500.o(i.socket_status)
    uart2_init                               0x080026c9   Thumb Code    44  uart2.o(i.uart2_init)
    w5500_get_cfg_bytedata                   0x08002701   Thumb Code    56  w5500.o(i.w5500_get_cfg_bytedata)
    w5500_get_interrupt_flag                 0x08002741   Thumb Code     6  spi2.o(i.w5500_get_interrupt_flag)
    w5500_get_version                        0x0800274d   Thumb Code    40  w5500.o(i.w5500_get_version)
    w5500_init                               0x08002789   Thumb Code   140  w5500.o(i.w5500_init)
    w5500_interrupt_line                     0x08002841   Thumb Code    76  spi2.o(i.w5500_interrupt_line)
    w5500_reset                              0x08002899   Thumb Code    36  w5500.o(i.w5500_reset)
    w5500_set_buff_size                      0x080028bd   Thumb Code   154  w5500.o(i.w5500_set_buff_size)
    w5500_set_cfg_data                       0x0800297d   Thumb Code    70  w5500.o(i.w5500_set_cfg_data)
    w5500_set_gateway                        0x080029c9   Thumb Code   136  w5500.o(i.w5500_set_gateway)
    w5500_set_interrupt                      0x08002a6d   Thumb Code   188  w5500.o(i.w5500_set_interrupt)
    w5500_set_interrupt_flag                 0x08002b41   Thumb Code     6  spi2.o(i.w5500_set_interrupt_flag)
    w5500_set_ip                             0x08002b4d   Thumb Code   140  w5500.o(i.w5500_set_ip)
    w5500_set_keepalive                      0x08002bed   Thumb Code    38  w5500.o(i.w5500_set_keepalive)
    w5500_set_macaddress                     0x08002c15   Thumb Code   140  w5500.o(i.w5500_set_macaddress)
    w5500_set_netmask                        0x08002cc1   Thumb Code   136  w5500.o(i.w5500_set_netmask)
    w5500_set_socket_mode                    0x08002d65   Thumb Code    86  w5500.o(i.w5500_set_socket_mode)
    w5500_set_socket_port                    0x08002dd1   Thumb Code   116  w5500.o(i.w5500_set_socket_port)
    w5500_set_socket_status                  0x08002e5d   Thumb Code    38  w5500.o(i.w5500_set_socket_status)
    APBAHBPrescTable                         0x08002e82   Data          16  stm32f4xx_hal_rcc.o(.constdata)
    Region$$Table$$Base                      0x08002f24   Number         0  anon$$obj.o(Region$$Table)
    Region$$Table$$Limit                     0x08002f44   Number         0  anon$$obj.o(Region$$Table)
    SystemCoreClock                          0x20000004   Data           4  system_stm32f4xx.o(.data)
    AHBPrescTable                            0x20000008   Data          16  system_stm32f4xx.o(.data)
    aRxBuffer                                0x2000001c   Data           1  uart2.o(.data)
    tcp_status_t                             0x20000044   Data          80  w5500.o(.data)
    socket_status_t                          0x20000094   Data          80  w5500.o(.data)
    __stdout                                 0x200000e4   Data           4  stdout.o(.data)
    USART_RX_BUF                             0x20000128   Data          10  uart2.o(.bss)
    TIM3_Handler                             0x20000134   Data          60  timer3.o(.bss)
    SPI2_Handler                             0x20000170   Data          88  spi2.o(.bss)
    __initial_sp                             0x200005c8   Data           0  startup_stm32f429xx.o(STACK)



==============================================================================

Memory Map of the image

  Image Entry point : 0x080001ad

  Load Region LR_IROM1 (Base: 0x08000000, Size: 0x0000302c, Max: 0x00100000, ABSOLUTE)

    Execution Region ER_IROM1 (Exec base: 0x08000000, Load base: 0x08000000, Size: 0x00002f44, Max: 0x00100000, ABSOLUTE)

    Exec Addr    Load Addr    Size         Type   Attr      Idx    E Section Name        Object

    0x08000000   0x08000000   0x000001ac   Data   RO          485    RESET               startup_stm32f429xx.o
    0x080001ac   0x080001ac   0x00000000   Code   RO         9216  * .ARM.Collect$$$$00000000  mc_w.l(entry.o)
    0x080001ac   0x080001ac   0x00000004   Code   RO         9488    .ARM.Collect$$$$00000001  mc_w.l(entry2.o)
    0x080001b0   0x080001b0   0x00000004   Code   RO         9491    .ARM.Collect$$$$00000004  mc_w.l(entry5.o)
    0x080001b4   0x080001b4   0x00000000   Code   RO         9493    .ARM.Collect$$$$00000008  mc_w.l(entry7b.o)
    0x080001b4   0x080001b4   0x00000000   Code   RO         9495    .ARM.Collect$$$$0000000A  mc_w.l(entry8b.o)
    0x080001b4   0x080001b4   0x00000008   Code   RO         9496    .ARM.Collect$$$$0000000B  mc_w.l(entry9a.o)
    0x080001bc   0x080001bc   0x00000000   Code   RO         9498    .ARM.Collect$$$$0000000D  mc_w.l(entry10a.o)
    0x080001bc   0x080001bc   0x00000000   Code   RO         9500    .ARM.Collect$$$$0000000F  mc_w.l(entry11a.o)
    0x080001bc   0x080001bc   0x00000004   Code   RO         9489    .ARM.Collect$$$$00002712  mc_w.l(entry2.o)
    0x080001c0   0x080001c0   0x00000024   Code   RO          486    .text               startup_stm32f429xx.o
    0x080001e4   0x080001e4   0x00000062   Code   RO         9219    .text               mc_w.l(uldiv.o)
    0x08000246   0x08000246   0x0000001e   Code   RO         9505    .text               mc_w.l(llshl.o)
    0x08000264   0x08000264   0x00000020   Code   RO         9507    .text               mc_w.l(llushr.o)
    0x08000284   0x08000284   0x00000024   Code   RO         9520    .text               mc_w.l(init.o)
    0x080002a8   0x080002a8   0x00000004   Code   RO          303    i.BusFault_Handler  stm32f4xx_it.o
    0x080002ac   0x080002ac   0x00000002   Code   RO          304    i.DebugMon_Handler  stm32f4xx_it.o
    0x080002ae   0x080002ae   0x0000000c   Code   RO         8999    i.EXTI15_10_IRQHandler  spi2.o
    0x080002ba   0x080002ba   0x00000002   PAD
    0x080002bc   0x080002bc   0x00000048   Code   RO         9000    i.HAL_GPIO_EXTI_Callback  spi2.o
    0x08000304   0x08000304   0x0000001c   Code   RO         2565    i.HAL_GPIO_EXTI_IRQHandler  stm32f4xx_hal_gpio.o
    0x08000320   0x08000320   0x0000021c   Code   RO         2566    i.HAL_GPIO_Init     stm32f4xx_hal_gpio.o
    0x0800053c   0x0800053c   0x0000000c   Code   RO         2570    i.HAL_GPIO_WritePin  stm32f4xx_hal_gpio.o
    0x08000548   0x08000548   0x0000000c   Code   RO          508    i.HAL_GetTick       stm32f4xx_hal.o
    0x08000554   0x08000554   0x00000010   Code   RO          509    i.HAL_IncTick       stm32f4xx_hal.o
    0x08000564   0x08000564   0x0000003c   Code   RO          510    i.HAL_Init          stm32f4xx_hal.o
    0x080005a0   0x080005a0   0x00000024   Code   RO          511    i.HAL_InitTick      stm32f4xx_hal.o
    0x080005c4   0x080005c4   0x00000002   Code   RO         3975    i.HAL_MspInit       stm32f4xx_hal_msp_template.o
    0x080005c6   0x080005c6   0x0000001a   Code   RO         1097    i.HAL_NVIC_EnableIRQ  stm32f4xx_hal_cortex.o
    0x080005e0   0x080005e0   0x0000007c   Code   RO         1103    i.HAL_NVIC_SetPriority  stm32f4xx_hal_cortex.o
    0x0800065c   0x0800065c   0x00000028   Code   RO         1104    i.HAL_NVIC_SetPriorityGrouping  stm32f4xx_hal_cortex.o
    0x08000684   0x08000684   0x000000a4   Code   RO         4775    i.HAL_PWREx_EnableOverDrive  stm32f4xx_hal_pwr_ex.o
    0x08000728   0x08000728   0x000002b0   Code   RO         4868    i.HAL_RCC_ClockConfig  stm32f4xx_hal_rcc.o
    0x080009d8   0x080009d8   0x00000038   Code   RO         4873    i.HAL_RCC_GetHCLKFreq  stm32f4xx_hal_rcc.o
    0x08000a10   0x08000a10   0x0000002c   Code   RO         4875    i.HAL_RCC_GetPCLK1Freq  stm32f4xx_hal_rcc.o
    0x08000a3c   0x08000a3c   0x0000002c   Code   RO         4876    i.HAL_RCC_GetPCLK2Freq  stm32f4xx_hal_rcc.o
    0x08000a68   0x08000a68   0x000000b4   Code   RO         4877    i.HAL_RCC_GetSysClockFreq  stm32f4xx_hal_rcc.o
    0x08000b1c   0x08000b1c   0x00000408   Code   RO         4880    i.HAL_RCC_OscConfig  stm32f4xx_hal_rcc.o
    0x08000f24   0x08000f24   0x00000088   Code   RO         6408    i.HAL_SPI_Init      stm32f4xx_hal_spi.o
    0x08000fac   0x08000fac   0x00000074   Code   RO         9001    i.HAL_SPI_MspInit   spi2.o
    0x08001020   0x08001020   0x00000352   Code   RO         6417    i.HAL_SPI_TransmitReceive  stm32f4xx_hal_spi.o
    0x08001372   0x08001372   0x00000034   Code   RO         1108    i.HAL_SYSTICK_Config  stm32f4xx_hal_cortex.o
    0x080013a6   0x080013a6   0x00000002   Code   RO         7417    i.HAL_TIMEx_BreakCallback  stm32f4xx_hal_tim_ex.o
    0x080013a8   0x080013a8   0x00000002   Code   RO         7418    i.HAL_TIMEx_CommutationCallback  stm32f4xx_hal_tim_ex.o
    0x080013aa   0x080013aa   0x00000034   Code   RO         6774    i.HAL_TIM_Base_Init  stm32f4xx_hal_tim.o
    0x080013de   0x080013de   0x00000002   PAD
    0x080013e0   0x080013e0   0x00000048   Code   RO         8934    i.HAL_TIM_Base_MspInit  timer3.o
    0x08001428   0x08001428   0x0000001e   Code   RO         6779    i.HAL_TIM_Base_Start_IT  stm32f4xx_hal_tim.o
    0x08001446   0x08001446   0x00000002   Code   RO         6803    i.HAL_TIM_IC_CaptureCallback  stm32f4xx_hal_tim.o
    0x08001448   0x08001448   0x00000196   Code   RO         6816    i.HAL_TIM_IRQHandler  stm32f4xx_hal_tim.o
    0x080015de   0x080015de   0x00000002   Code   RO         6819    i.HAL_TIM_OC_DelayElapsedCallback  stm32f4xx_hal_tim.o
    0x080015e0   0x080015e0   0x00000002   Code   RO         6846    i.HAL_TIM_PWM_PulseFinishedCallback  stm32f4xx_hal_tim.o
    0x080015e2   0x080015e2   0x00000002   PAD
    0x080015e4   0x080015e4   0x00000044   Code   RO         8935    i.HAL_TIM_PeriodElapsedCallback  timer3.o
    0x08001628   0x08001628   0x00000002   Code   RO         6857    i.HAL_TIM_TriggerCallback  stm32f4xx_hal_tim.o
    0x0800162a   0x0800162a   0x0000006e   Code   RO         7676    i.HAL_UART_Init     stm32f4xx_hal_uart.o
    0x08001698   0x08001698   0x0000008c   Code   RO         8844    i.HAL_UART_MspInit  uart2.o
    0x08001724   0x08001724   0x00000086   Code   RO         7681    i.HAL_UART_Receive_IT  stm32f4xx_hal_uart.o
    0x080017aa   0x080017aa   0x00000004   Code   RO          305    i.HardFault_Handler  stm32f4xx_it.o
    0x080017ae   0x080017ae   0x00000002   PAD
    0x080017b0   0x080017b0   0x0000005c   Code   RO         8897    i.LED_Init          led.o
    0x0800180c   0x0800180c   0x00000004   Code   RO          306    i.MemManage_Handler  stm32f4xx_it.o
    0x08001810   0x08001810   0x00000002   Code   RO          307    i.NMI_Handler       stm32f4xx_it.o
    0x08001812   0x08001812   0x00000002   PAD
    0x08001814   0x08001814   0x00000010   Code   RO         1110    i.NVIC_GetPriorityGrouping  stm32f4xx_hal_cortex.o
    0x08001824   0x08001824   0x00000028   Code   RO         1111    i.NVIC_SetPriority  stm32f4xx_hal_cortex.o
    0x0800184c   0x0800184c   0x00000002   Code   RO          308    i.PendSV_Handler    stm32f4xx_it.o
    0x0800184e   0x0800184e   0x00000002   PAD
    0x08001850   0x08001850   0x000000a4   Code   RO         9002    i.SPI2_Init         spi2.o
    0x080018f4   0x080018f4   0x00000020   Code   RO         9003    i.SPI2_ReadWriteByte  spi2.o
    0x08001914   0x08001914   0x00000048   Code   RO         9004    i.SPI2_SetSpeed     spi2.o
    0x0800195c   0x0800195c   0x00000114   Code   RO         6439    i.SPI_WaitOnFlagUntilTimeout  stm32f4xx_hal_spi.o
    0x08001a70   0x08001a70   0x00000002   Code   RO          309    i.SVC_Handler       stm32f4xx_it.o
    0x08001a72   0x08001a72   0x00000002   PAD
    0x08001a74   0x08001a74   0x000000b8   Code   RO         8813    i.Stm32_Clock_Init  sys_init.o
    0x08001b2c   0x08001b2c   0x00000008   Code   RO          310    i.SysTick_Handler   stm32f4xx_it.o
    0x08001b34   0x08001b34   0x00000064   Code   RO          264    i.SystemInit        system_stm32f4xx.o
    0x08001b98   0x08001b98   0x00000010   Code   RO         8936    i.TIM3_IRQHandler   timer3.o
    0x08001ba8   0x08001ba8   0x0000002c   Code   RO         8937    i.TIM3_Init         timer3.o
    0x08001bd4   0x08001bd4   0x000000e4   Code   RO         6858    i.TIM_Base_SetConfig  stm32f4xx_hal_tim.o
    0x08001cb8   0x08001cb8   0x00000224   Code   RO         7696    i.UART_SetConfig    stm32f4xx_hal_uart.o
    0x08001edc   0x08001edc   0x00000004   Code   RO          311    i.UsageFault_Handler  stm32f4xx_it.o
    0x08001ee0   0x08001ee0   0x0000001e   Code   RO         9082    i.W550_CONTROL      w5500.o
    0x08001efe   0x08001efe   0x00000002   PAD
    0x08001f00   0x08001f00   0x00000020   Code   RO         9434    i.__0printf$8       mc_w.l(printf8.o)
    0x08001f20   0x08001f20   0x0000000e   Code   RO         9528    i.__scatterload_copy  mc_w.l(handlers.o)
    0x08001f2e   0x08001f2e   0x00000002   Code   RO         9529    i.__scatterload_null  mc_w.l(handlers.o)
    0x08001f30   0x08001f30   0x0000000e   Code   RO         9530    i.__scatterload_zeroinit  mc_w.l(handlers.o)
    0x08001f3e   0x08001f3e   0x00000002   PAD
    0x08001f40   0x08001f40   0x00000410   Code   RO         9441    i._printf_core      mc_w.l(printf8.o)
    0x08002350   0x08002350   0x00000024   Code   RO         9442    i._printf_post_padding  mc_w.l(printf8.o)
    0x08002374   0x08002374   0x0000002e   Code   RO         9443    i._printf_pre_padding  mc_w.l(printf8.o)
    0x080023a2   0x080023a2   0x00000002   PAD
    0x080023a4   0x080023a4   0x00000014   Code   RO         8938    i.delay_ms          timer3.o
    0x080023b8   0x080023b8   0x0000001c   Code   RO         8846    i.fputc             uart2.o
    0x080023d4   0x080023d4   0x0000000c   Code   RO         8939    i.get_sys_time      timer3.o
    0x080023e0   0x080023e0   0x00000048   Code   RO         8898    i.led_flash         led.o
    0x08002428   0x08002428   0x00000230   Code   RO            4    i.main              main.o
    0x08002658   0x08002658   0x00000070   Code   RO         9083    i.socket_status     w5500.o
    0x080026c8   0x080026c8   0x00000038   Code   RO         8847    i.uart2_init        uart2.o
    0x08002700   0x08002700   0x00000040   Code   RO         9084    i.w5500_get_cfg_bytedata  w5500.o
    0x08002740   0x08002740   0x0000000c   Code   RO         9005    i.w5500_get_interrupt_flag  spi2.o
    0x0800274c   0x0800274c   0x0000003c   Code   RO         9086    i.w5500_get_version  w5500.o
    0x08002788   0x08002788   0x000000b8   Code   RO         9087    i.w5500_init        w5500.o
    0x08002840   0x08002840   0x00000058   Code   RO         9006    i.w5500_interrupt_line  spi2.o
    0x08002898   0x08002898   0x00000024   Code   RO         9088    i.w5500_reset       w5500.o
    0x080028bc   0x080028bc   0x000000c0   Code   RO         9089    i.w5500_set_buff_size  w5500.o
    0x0800297c   0x0800297c   0x0000004c   Code   RO         9090    i.w5500_set_cfg_data  w5500.o
    0x080029c8   0x080029c8   0x000000a4   Code   RO         9091    i.w5500_set_gateway  w5500.o
    0x08002a6c   0x08002a6c   0x000000d4   Code   RO         9092    i.w5500_set_interrupt  w5500.o
    0x08002b40   0x08002b40   0x0000000c   Code   RO         9007    i.w5500_set_interrupt_flag  spi2.o
    0x08002b4c   0x08002b4c   0x000000a0   Code   RO         9093    i.w5500_set_ip      w5500.o
    0x08002bec   0x08002bec   0x00000026   Code   RO         9094    i.w5500_set_keepalive  w5500.o
    0x08002c12   0x08002c12   0x00000002   PAD
    0x08002c14   0x08002c14   0x000000ac   Code   RO         9095    i.w5500_set_macaddress  w5500.o
    0x08002cc0   0x08002cc0   0x000000a4   Code   RO         9096    i.w5500_set_netmask  w5500.o
    0x08002d64   0x08002d64   0x0000006c   Code   RO         9097    i.w5500_set_socket_mode  w5500.o
    0x08002dd0   0x08002dd0   0x0000008c   Code   RO         9098    i.w5500_set_socket_port  w5500.o
    0x08002e5c   0x08002e5c   0x00000026   Code   RO         9099    i.w5500_set_socket_status  w5500.o
    0x08002e82   0x08002e82   0x00000010   Data   RO         4881    .constdata          stm32f4xx_hal_rcc.o
    0x08002e92   0x08002e92   0x00000002   PAD
    0x08002e94   0x08002e94   0x00000090   Data   RO         9100    .conststring        w5500.o
    0x08002f24   0x08002f24   0x00000020   Data   RO         9526    Region$$Table       anon$$obj.o


    Execution Region RW_IRAM1 (Exec base: 0x20000000, Load base: 0x08002f44, Size: 0x000005c8, Max: 0x00030000, ABSOLUTE)

    Exec Addr    Load Addr    Size         Type   Attr      Idx    E Section Name        Object

    0x20000000   0x08002f44   0x00000004   Data   RW            5    .data               main.o
    0x20000004   0x08002f48   0x00000014   Data   RW          265    .data               system_stm32f4xx.o
    0x20000018   0x08002f5c   0x00000004   Data   RW          516    .data               stm32f4xx_hal.o
    0x2000001c   0x08002f60   0x00000001   Data   RW         8849    .data               uart2.o
    0x2000001d   0x08002f61   0x00000003   PAD
    0x20000020   0x08002f64   0x0000000c   Data   RW         8941    .data               timer3.o
    0x2000002c   0x08002f70   0x00000001   Data   RW         9009    .data               spi2.o
    0x2000002d   0x08002f71   0x00000003   PAD
    0x20000030   0x08002f74   0x000000b4   Data   RW         9101    .data               w5500.o
    0x200000e4   0x08003028   0x00000004   Data   RW         9502    .data               mc_w.l(stdout.o)
    0x200000e8        -       0x0000004a   Zero   RW         8848    .bss                uart2.o
    0x20000132   0x0800302c   0x00000002   PAD
    0x20000134        -       0x0000003c   Zero   RW         8940    .bss                timer3.o
    0x20000170        -       0x00000058   Zero   RW         9008    .bss                spi2.o
    0x200001c8        -       0x00000400   Zero   RW          483    STACK               startup_stm32f429xx.o


==============================================================================

Image component sizes


      Code (inc. data)   RO Data    RW Data    ZI Data      Debug   Object Name

       164         16          0          0          0       1603   led.o
       560        148          0          4          0      83147   main.o
       580        102          0          1         88       5923   spi2.o
        36          8        428          0       1024        848   startup_stm32f429xx.o
       124         16          0          4          0       3742   stm32f4xx_hal.o
       298         22          0          0          0      30863   stm32f4xx_hal_cortex.o
       580         58          0          0          0       3183   stm32f4xx_hal_gpio.o
         2          0          0          0          0        538   stm32f4xx_hal_msp_template.o
       164         12          0          0          0       1400   stm32f4xx_hal_pwr_ex.o
      2044         66         16          0          0       6163   stm32f4xx_hal_rcc.o
      1262          0          0          0          0       3749   stm32f4xx_hal_spi.o
       724         44          0          0          0       5851   stm32f4xx_hal_tim.o
         4          0          0          0          0       1706   stm32f4xx_hal_tim_ex.o
       792         10          0          0          0       2838   stm32f4xx_hal_uart.o
        32          0          0          0          0     328042   stm32f4xx_it.o
       184          8          0          0          0       3815   sys_init.o
       100         18          0         20          0       1257   system_stm32f4xx.o
       232         50          0         12         60       4058   timer3.o
       224         30          0          1         74       3817   uart2.o
      1950        306        144        180          0      11897   w5500.o

    ----------------------------------------------------------------------
     10074        914        622        228       1248     504440   Object Totals
         0          0         32          0          0          0   (incl. Generated)
        18          0          2          6          2          0   (incl. Padding)

    ----------------------------------------------------------------------

      Code (inc. data)   RO Data    RW Data    ZI Data      Debug   Library Member Name

         0          0          0          0          0          0   entry.o
         0          0          0          0          0          0   entry10a.o
         0          0          0          0          0          0   entry11a.o
         8          4          0          0          0          0   entry2.o
         4          0          0          0          0          0   entry5.o
         0          0          0          0          0          0   entry7b.o
         0          0          0          0          0          0   entry8b.o
         8          4          0          0          0          0   entry9a.o
        30          0          0          0          0          0   handlers.o
        36          8          0          0          0         68   init.o
        30          0          0          0          0         68   llshl.o
        32          0          0          0          0         68   llushr.o
      1154         54          0          0          0        352   printf8.o
         0          0          0          4          0          0   stdout.o
        98          0          0          0          0         92   uldiv.o

    ----------------------------------------------------------------------
      1404         70          0          4          0        648   Library Totals
         4          0          0          0          0          0   (incl. Padding)

    ----------------------------------------------------------------------

      Code (inc. data)   RO Data    RW Data    ZI Data      Debug   Library Name

      1400         70          0          4          0        648   mc_w.l

    ----------------------------------------------------------------------
      1404         70          0          4          0        648   Library Totals

    ----------------------------------------------------------------------

==============================================================================


      Code (inc. data)   RO Data    RW Data    ZI Data      Debug   

     11478        984        622        232       1248     497032   Grand Totals
     11478        984        622        232       1248     497032   ELF Image Totals
     11478        984        622        232          0          0   ROM Totals

==============================================================================

    Total RO  Size (Code + RO Data)                12100 (  11.82kB)
    Total RW  Size (RW Data + ZI Data)              1480 (   1.45kB)
    Total ROM Size (Code + RO Data + RW Data)      12332 (  12.04kB)

==============================================================================

